Archive member included to satisfy reference by file (symbol)

C:/ST/STM32CubeIDE_2.1.1/STM32CubeIDE/plugins/com.st.stm32cube.ide.mcu.externaltools.gnu-tools-for-stm32.14.3.rel1.win32_1.0.100.202602081740/tools/bin/../lib/gcc/arm-none-eabi/14.3.1/../../../../arm-none-eabi/lib/thumb/v7e-m+dp/hard\libc_nano.a(libc_a-exit.o)
                              C:/ST/STM32CubeIDE_2.1.1/STM32CubeIDE/plugins/com.st.stm32cube.ide.mcu.externaltools.gnu-tools-for-stm32.14.3.rel1.win32_1.0.100.202602081740/tools/bin/../lib/gcc/arm-none-eabi/14.3.1/../../../../arm-none-eabi/lib/thumb/v7e-m+dp/hard/crt0.o (exit)
C:/ST/STM32CubeIDE_2.1.1/STM32CubeIDE/plugins/com.st.stm32cube.ide.mcu.externaltools.gnu-tools-for-stm32.14.3.rel1.win32_1.0.100.202602081740/tools/bin/../lib/gcc/arm-none-eabi/14.3.1/../../../../arm-none-eabi/lib/thumb/v7e-m+dp/hard\libc_nano.a(libc_a-findfp.o)
                              C:/ST/STM32CubeIDE_2.1.1/STM32CubeIDE/plugins/com.st.stm32cube.ide.mcu.externaltools.gnu-tools-for-stm32.14.3.rel1.win32_1.0.100.202602081740/tools/bin/../lib/gcc/arm-none-eabi/14.3.1/../../../../arm-none-eabi/lib/thumb/v7e-m+dp/hard\libc_nano.a(libc_a-exit.o) (__stdio_exit_handler)
C:/ST/STM32CubeIDE_2.1.1/STM32CubeIDE/plugins/com.st.stm32cube.ide.mcu.externaltools.gnu-tools-for-stm32.14.3.rel1.win32_1.0.100.202602081740/tools/bin/../lib/gcc/arm-none-eabi/14.3.1/../../../../arm-none-eabi/lib/thumb/v7e-m+dp/hard\libc_nano.a(libc_a-fwalk.o)
                              C:/ST/STM32CubeIDE_2.1.1/STM32CubeIDE/plugins/com.st.stm32cube.ide.mcu.externaltools.gnu-tools-for-stm32.14.3.rel1.win32_1.0.100.202602081740/tools/bin/../lib/gcc/arm-none-eabi/14.3.1/../../../../arm-none-eabi/lib/thumb/v7e-m+dp/hard\libc_nano.a(libc_a-findfp.o) (_fwalk_sglue)
C:/ST/STM32CubeIDE_2.1.1/STM32CubeIDE/plugins/com.st.stm32cube.ide.mcu.externaltools.gnu-tools-for-stm32.14.3.rel1.win32_1.0.100.202602081740/tools/bin/../lib/gcc/arm-none-eabi/14.3.1/../../../../arm-none-eabi/lib/thumb/v7e-m+dp/hard\libc_nano.a(libc_a-sprintf.o)
                              ./Core/Src/bf_display.o (sprintf)
C:/ST/STM32CubeIDE_2.1.1/STM32CubeIDE/plugins/com.st.stm32cube.ide.mcu.externaltools.gnu-tools-for-stm32.14.3.rel1.win32_1.0.100.202602081740/tools/bin/../lib/gcc/arm-none-eabi/14.3.1/../../../../arm-none-eabi/lib/thumb/v7e-m+dp/hard\libc_nano.a(libc_a-stdio.o)
                              C:/ST/STM32CubeIDE_2.1.1/STM32CubeIDE/plugins/com.st.stm32cube.ide.mcu.externaltools.gnu-tools-for-stm32.14.3.rel1.win32_1.0.100.202602081740/tools/bin/../lib/gcc/arm-none-eabi/14.3.1/../../../../arm-none-eabi/lib/thumb/v7e-m+dp/hard\libc_nano.a(libc_a-findfp.o) (__sread)
C:/ST/STM32CubeIDE_2.1.1/STM32CubeIDE/plugins/com.st.stm32cube.ide.mcu.externaltools.gnu-tools-for-stm32.14.3.rel1.win32_1.0.100.202602081740/tools/bin/../lib/gcc/arm-none-eabi/14.3.1/../../../../arm-none-eabi/lib/thumb/v7e-m+dp/hard\libc_nano.a(libc_a-memset.o)
                              C:/ST/STM32CubeIDE_2.1.1/STM32CubeIDE/plugins/com.st.stm32cube.ide.mcu.externaltools.gnu-tools-for-stm32.14.3.rel1.win32_1.0.100.202602081740/tools/bin/../lib/gcc/arm-none-eabi/14.3.1/../../../../arm-none-eabi/lib/thumb/v7e-m+dp/hard/crt0.o (memset)
C:/ST/STM32CubeIDE_2.1.1/STM32CubeIDE/plugins/com.st.stm32cube.ide.mcu.externaltools.gnu-tools-for-stm32.14.3.rel1.win32_1.0.100.202602081740/tools/bin/../lib/gcc/arm-none-eabi/14.3.1/../../../../arm-none-eabi/lib/thumb/v7e-m+dp/hard\libc_nano.a(libc_a-closer.o)
                              C:/ST/STM32CubeIDE_2.1.1/STM32CubeIDE/plugins/com.st.stm32cube.ide.mcu.externaltools.gnu-tools-for-stm32.14.3.rel1.win32_1.0.100.202602081740/tools/bin/../lib/gcc/arm-none-eabi/14.3.1/../../../../arm-none-eabi/lib/thumb/v7e-m+dp/hard\libc_nano.a(libc_a-stdio.o) (_close_r)
C:/ST/STM32CubeIDE_2.1.1/STM32CubeIDE/plugins/com.st.stm32cube.ide.mcu.externaltools.gnu-tools-for-stm32.14.3.rel1.win32_1.0.100.202602081740/tools/bin/../lib/gcc/arm-none-eabi/14.3.1/../../../../arm-none-eabi/lib/thumb/v7e-m+dp/hard\libc_nano.a(libc_a-reent.o)
                              C:/ST/STM32CubeIDE_2.1.1/STM32CubeIDE/plugins/com.st.stm32cube.ide.mcu.externaltools.gnu-tools-for-stm32.14.3.rel1.win32_1.0.100.202602081740/tools/bin/../lib/gcc/arm-none-eabi/14.3.1/../../../../arm-none-eabi/lib/thumb/v7e-m+dp/hard\libc_nano.a(libc_a-closer.o) (errno)
C:/ST/STM32CubeIDE_2.1.1/STM32CubeIDE/plugins/com.st.stm32cube.ide.mcu.externaltools.gnu-tools-for-stm32.14.3.rel1.win32_1.0.100.202602081740/tools/bin/../lib/gcc/arm-none-eabi/14.3.1/../../../../arm-none-eabi/lib/thumb/v7e-m+dp/hard\libc_nano.a(libc_a-impure.o)
                              C:/ST/STM32CubeIDE_2.1.1/STM32CubeIDE/plugins/com.st.stm32cube.ide.mcu.externaltools.gnu-tools-for-stm32.14.3.rel1.win32_1.0.100.202602081740/tools/bin/../lib/gcc/arm-none-eabi/14.3.1/../../../../arm-none-eabi/lib/thumb/v7e-m+dp/hard\libc_nano.a(libc_a-sprintf.o) (_impure_ptr)
[...]
Memory Configuration

Name             Origin             Length             Attributes
ITCMRAM          0x00000000         0x00010000         xrw
DTCMRAM          0x20000000         0x00020000         xrw
FLASH            0x08000000         0x00100000         xr
RAM_D1           0x24000000         0x00050000         xrw
RAM_D2           0x30000000         0x00008000         xrw
RAM_D3           0x38000000         0x00004000         xrw
*default*        0x00000000         0xffffffff

Linker script and memory map

LOAD C:/ST/STM32CubeIDE_2.1.1/STM32CubeIDE/plugins/com.st.stm32cube.ide.mcu.externaltools.gnu-tools-for-stm32.14.3.rel1.win32_1.0.100.202602081740/tools/bin/../lib/gcc/arm-none-eabi/14.3.1/thumb/v7e-m+dp/hard/crti.o
LOAD C:/ST/STM32CubeIDE_2.1.1/STM32CubeIDE/plugins/com.st.stm32cube.ide.mcu.externaltools.gnu-tools-for-stm32.14.3.rel1.win32_1.0.100.202602081740/tools/bin/../lib/gcc/arm-none-eabi/14.3.1/thumb/v7e-m+dp/hard/crtbegin.o
LOAD C:/ST/STM32CubeIDE_2.1.1/STM32CubeIDE/plugins/com.st.stm32cube.ide.mcu.externaltools.gnu-tools-for-stm32.14.3.rel1.win32_1.0.100.202602081740/tools/bin/../lib/gcc/arm-none-eabi/14.3.1/../../../../arm-none-eabi/lib/thumb/v7e-m+dp/hard/crt0.o
LOAD ./Core/Src/bf_display.o
LOAD ./Core/Src/bf_dshot.o
LOAD ./Core/Src/bf_filters.o
LOAD ./Core/Src/bf_hitl.o
LOAD ./Core/Src/bf_mixer.o
LOAD ./Core/Src/bf_pid.o
LOAD ./Core/Src/bf_rc_link.o
LOAD ./Core/Src/bf_sensor_lsm6dso.o
LOAD ./Core/Src/dma.o
LOAD ./Core/Src/gpio.o
LOAD ./Core/Src/i2c.o
LOAD ./Core/Src/main.o
LOAD ./Core/Src/spi.o
LOAD ./Core/Src/stm32h7xx_hal_msp.o
LOAD ./Core/Src/stm32h7xx_it.o
LOAD ./Core/Src/syscalls.o
LOAD ./Core/Src/sysmem.o
LOAD ./Core/Src/system_stm32h7xx.o
LOAD ./Core/Src/tim.o
LOAD ./Core/Src/usart.o
LOAD ./Core/Startup/startup_stm32h723vgtx.o
LOAD ./Drivers/STM32H7xx_HAL_Driver/Src/stm32h7xx_hal.o
LOAD ./Drivers/STM32H7xx_HAL_Driver/Src/stm32h7xx_hal_cortex.o
LOAD ./Drivers/STM32H7xx_HAL_Driver/Src/stm32h7xx_hal_dma.o
LOAD ./Drivers/STM32H7xx_HAL_Driver/Src/stm32h7xx_hal_dma_ex.o
LOAD ./Drivers/STM32H7xx_HAL_Driver/Src/stm32h7xx_hal_exti.o
LOAD ./Drivers/STM32H7xx_HAL_Driver/Src/stm32h7xx_hal_flash.o
LOAD ./Drivers/STM32H7xx_HAL_Driver/Src/stm32h7xx_hal_flash_ex.o
LOAD ./Drivers/STM32H7xx_HAL_Driver/Src/stm32h7xx_hal_gpio.o
LOAD ./Drivers/STM32H7xx_HAL_Driver/Src/stm32h7xx_hal_hsem.o
LOAD ./Drivers/STM32H7xx_HAL_Driver/Src/stm32h7xx_hal_i2c.o
LOAD ./Drivers/STM32H7xx_HAL_Driver/Src/stm32h7xx_hal_i2c_ex.o
LOAD ./Drivers/STM32H7xx_HAL_Driver/Src/stm32h7xx_hal_mdma.o
LOAD ./Drivers/STM32H7xx_HAL_Driver/Src/stm32h7xx_hal_pwr.o
LOAD ./Drivers/STM32H7xx_HAL_Driver/Src/stm32h7xx_hal_pwr_ex.o
LOAD ./Drivers/STM32H7xx_HAL_Driver/Src/stm32h7xx_hal_rcc.o
LOAD ./Drivers/STM32H7xx_HAL_Driver/Src/stm32h7xx_hal_rcc_ex.o
LOAD ./Drivers/STM32H7xx_HAL_Driver/Src/stm32h7xx_hal_spi.o
LOAD ./Drivers/STM32H7xx_HAL_Driver/Src/stm32h7xx_hal_spi_ex.o
LOAD ./Drivers/STM32H7xx_HAL_Driver/Src/stm32h7xx_hal_tim.o
LOAD ./Drivers/STM32H7xx_HAL_Driver/Src/stm32h7xx_hal_tim_ex.o
LOAD ./Drivers/STM32H7xx_HAL_Driver/Src/stm32h7xx_hal_uart.o
LOAD ./Drivers/STM32H7xx_HAL_Driver/Src/stm32h7xx_hal_uart_ex.o
START GROUP
LOAD C:/ST/STM32CubeIDE_2.1.1/STM32CubeIDE/plugins/com.st.stm32cube.ide.mcu.externaltools.gnu-tools-for-stm32.14.3.rel1.win32_1.0.100.202602081740/tools/bin/../lib/gcc/arm-none-eabi/14.3.1/../../../../arm-none-eabi/lib/thumb/v7e-m+dp/hard\libc_nano.a
LOAD C:/ST/STM32CubeIDE_2.1.1/STM32CubeIDE/plugins/com.st.stm32cube.ide.mcu.externaltools.gnu-tools-for-stm32.14.3.rel1.win32_1.0.100.202602081740/tools/bin/../lib/gcc/arm-none-eabi/14.3.1/../../../../arm-none-eabi/lib/thumb/v7e-m+dp/hard\libm.a
END GROUP
START GROUP
LOAD C:/ST/STM32CubeIDE_2.1.1/STM32CubeIDE/plugins/com.st.stm32cube.ide.mcu.externaltools.gnu-tools-for-stm32.14.3.rel1.win32_1.0.100.202602081740/tools/bin/../lib/gcc/arm-none-eabi/14.3.1/thumb/v7e-m+dp/hard\libgcc.a
LOAD C:/ST/STM32CubeIDE_2.1.1/STM32CubeIDE/plugins/com.st.stm32cube.ide.mcu.externaltools.gnu-tools-for-stm32.14.3.rel1.win32_1.0.100.202602081740/tools/bin/../lib/gcc/arm-none-eabi/14.3.1/../../../../arm-none-eabi/lib/thumb/v7e-m+dp/hard\libc_nano.a
END GROUP
START GROUP
LOAD C:/ST/STM32CubeIDE_2.1.1/STM32CubeIDE/plugins/com.st.stm32cube.ide.mcu.externaltools.gnu-tools-for-stm32.14.3.rel1.win32_1.0.100.202602081740/tools/bin/../lib/gcc/arm-none-eabi/14.3.1/thumb/v7e-m+dp/hard\libgcc.a
LOAD C:/ST/STM32CubeIDE_2.1.1/STM32CubeIDE/plugins/com.st.stm32cube.ide.mcu.externaltools.gnu-tools-for-stm32.14.3.rel1.win32_1.0.100.202602081740/tools/bin/../lib/gcc/arm-none-eabi/14.3.1/../../../../arm-none-eabi/lib/thumb/v7e-m+dp/hard\libc_nano.a
LOAD C:/ST/STM32CubeIDE_2.1.1/STM32CubeIDE/plugins/com.st.stm32cube.ide.mcu.externaltools.gnu-tools-for-stm32.14.3.rel1.win32_1.0.100.202602081740/tools/bin/../lib/gcc/arm-none-eabi/14.3.1/../../../../arm-none-eabi/lib/thumb/v7e-m+dp/hard\libnosys.a
END GROUP
START GROUP
LOAD C:/ST/STM32CubeIDE_2.1.1/STM32CubeIDE/plugins/com.st.stm32cube.ide.mcu.externaltools.gnu-tools-for-stm32.14.3.rel1.win32_1.0.100.202602081740/tools/bin/../lib/gcc/arm-none-eabi/14.3.1/thumb/v7e-m+dp/hard\libgcc.a
LOAD C:/ST/STM32CubeIDE_2.1.1/STM32CubeIDE/plugins/com.st.stm32cube.ide.mcu.externaltools.gnu-tools-for-stm32.14.3.rel1.win32_1.0.100.202602081740/tools/bin/../lib/gcc/arm-none-eabi/14.3.1/../../../../arm-none-eabi/lib/thumb/v7e-m+dp/hard\libc_nano.a
LOAD C:/ST/STM32CubeIDE_2.1.1/STM32CubeIDE/plugins/com.st.stm32cube.ide.mcu.externaltools.gnu-tools-for-stm32.14.3.rel1.win32_1.0.100.202602081740/tools/bin/../lib/gcc/arm-none-eabi/14.3.1/../../../../arm-none-eabi/lib/thumb/v7e-m+dp/hard\libnosys.a
END GROUP
LOAD C:/ST/STM32CubeIDE_2.1.1/STM32CubeIDE/plugins/com.st.stm32cube.ide.mcu.externaltools.gnu-tools-for-stm32.14.3.rel1.win32_1.0.100.202602081740/tools/bin/../lib/gcc/arm-none-eabi/14.3.1/thumb/v7e-m+dp/hard/crtend.o
LOAD C:/ST/STM32CubeIDE_2.1.1/STM32CubeIDE/plugins/com.st.stm32cube.ide.mcu.externaltools.gnu-tools-for-stm32.14.3.rel1.win32_1.0.100.202602081740/tools/bin/../lib/gcc/arm-none-eabi/14.3.1/thumb/v7e-m+dp/hard/crtn.o
                0x24050000                        _estack = (ORIGIN (RAM_D1) + LENGTH (RAM_D1))
                0x00001000                        _Min_Heap_Size = 0x1000
                0x00001000                        _Min_Stack_Size = 0x1000

.isr_vector     0x08000000      0x2cc
                0x08000000                        . = ALIGN (0x4)
 *(.isr_vector)
 .isr_vector    0x08000000      0x2cc ./Core/Startup/startup_stm32h723vgtx.o
                0x08000000                g_pfnVectors
                0x080002cc                        . = ALIGN (0x4)

.text           0x080002d0     0xdf00
                0x080002d0                        . = ALIGN (0x4)
 *(.text)
 .text          0x080002d0       0x40 C:/ST/STM32CubeIDE_2.1.1/STM32CubeIDE/plugins/com.st.stm32cube.ide.mcu.externaltools.gnu-tools-for-stm32.14.3.rel1.win32_1.0.100.202602081740/tools/bin/../lib/gcc/arm-none-eabi/14.3.1/thumb/v7e-m+dp/hard/crtbegin.o
 .text          0x08000310       0xa0 C:/ST/STM32CubeIDE_2.1.1/STM32CubeIDE/plugins/com.st.stm32cube.ide.mcu.externaltools.gnu-tools-for-stm32.14.3.rel1.win32_1.0.100.202602081740/tools/bin/../lib/gcc/arm-none-eabi/14.3.1/../../../../arm-none-eabi/lib/thumb/v7e-m+dp/hard\libc_nano.a(libc_a-memchr.o)
                0x08000310                memchr
 .text          0x080003b0       0x30 C:/ST/STM32CubeIDE_2.1.1/STM32CubeIDE/plugins/com.st.stm32cube.ide.mcu.externaltools.gnu-tools-for-stm32.14.3.rel1.win32_1.0.100.202602081740/tools/bin/../lib/gcc/arm-none-eabi/14.3.1/thumb/v7e-m+dp/hard\libgcc.a(_aeabi_uldivmod.o)
                0x080003b0                __aeabi_uldivmod
 .text          0x080003e0      0x2f8 C:/ST/STM32CubeIDE_2.1.1/STM32CubeIDE/plugins/com.st.stm32cube.ide.mcu.externaltools.gnu-tools-for-stm32.14.3.rel1.win32_1.0.100.202602081740/tools/bin/../lib/gcc/arm-none-eabi/14.3.1/thumb/v7e-m+dp/hard\libgcc.a(_udivmoddi4.o)
                0x080003e0                __udivmoddi4
 .text          0x080006d8        0x4 C:/ST/STM32CubeIDE_2.1.1/STM32CubeIDE/plugins/com.st.stm32cube.ide.mcu.externaltools.gnu-tools-for-stm32.14.3.rel1.win32_1.0.100.202602081740/tools/bin/../lib/gcc/arm-none-eabi/14.3.1/thumb/v7e-m+dp/hard\libgcc.a(_dvmd_tls.o)
                0x080006d8                __aeabi_idiv0
                0x080006d8                __aeabi_ldiv0
 *(.text*)
 .text.LCD_WriteCmd
                0x080006dc       0x4c ./Core/Src/bf_display.o
 .text.LCD_WriteData
                0x08000728       0x4c ./Core/Src/bf_display.o
 .text.LCD_SetWindow
                0x08000774      0x10c ./Core/Src/bf_display.o
 .text.LCD_Fill
                0x08000880      0x1e8 ./Core/Src/bf_display.o
                0x08000880                LCD_Fill
 .text.LCD_DrawChar8x8
                0x08000a68      0x14c ./Core/Src/bf_display.o
                0x08000a68                LCD_DrawChar8x8
 .text.LCD_Print
                0x08000bb4       0x50 ./Core/Src/bf_display.o
                0x08000bb4                LCD_Print
 .text.displayInit
                0x08000c04      0x140 ./Core/Src/bf_display.o
                0x08000c04                displayInit
 .text.displayNextPage
                0x08000d44       0x44 ./Core/Src/bf_display.o
                0x08000d44                displayNextPage
 .text.displayUpdate
                0x08000d88      0x240 ./Core/Src/bf_display.o
                0x08000d88                displayUpdate
 .text.dshot_Init
                0x08000fc8       0x4c ./Core/Src/bf_dshot.o
                0x08000fc8                dshot_Init
 .text.pt1FilterGain
                0x08001014       0x50 ./Core/Src/bf_filters.o
                0x08001014                pt1FilterGain
 .text.pt1FilterInit
                0x08001064       0x26 ./Core/Src/bf_filters.o
                0x08001064                pt1FilterInit
 .text.pt1FilterApply
                0x0800108a       0x4a ./Core/Src/bf_filters.o
                0x0800108a                pt1FilterApply
 .text.mixerInit
                0x080010d4        0xe ./Core/Src/bf_mixer.o
                0x080010d4                mixerInit
 *fill*         0x080010e2        0x2 
 .text.mixQuadX
                0x080010e4      0x120 ./Core/Src/bf_mixer.o
                0x080010e4                mixQuadX
 .text.pidInit  0x08001204      0x130 ./Core/Src/bf_pid.o
                0x08001204                pidInit
 .text.pidApply
                0x08001334      0x290 ./Core/Src/bf_pid.o
                0x08001334                pidApply
 .text.rcLink_Init
                0x080015c4       0x60 ./Core/Src/bf_rc_link.o
                0x080015c4                rcLink_Init
 .text.rcLink_Update
                0x08001624      0x3e4 ./Core/Src/bf_rc_link.o
                0x08001624                rcLink_Update
 .text.rcLink_GetData
                0x08001a08       0x14 ./Core/Src/bf_rc_link.o
                0x08001a08                rcLink_GetData
 .text.rcLink_GetInjectedSensors
                0x08001a1c       0x14 ./Core/Src/bf_rc_link.o
                0x08001a1c                rcLink_GetInjectedSensors
 .text.rcLink_SendHITL
                0x08001a30      0x148 ./Core/Src/bf_rc_link.o
                0x08001a30                rcLink_SendHITL
 .text.MX_DMA_Init
                0x08001b78       0x70 ./Core/Src/dma.o
                0x08001b78                MX_DMA_Init
 .text.MX_GPIO_Init
                0x08001be8      0x13c ./Core/Src/gpio.o
                0x08001be8                MX_GPIO_Init
 .text.MX_I2C2_Init
                0x08001d24       0x80 ./Core/Src/i2c.o
                0x08001d24                MX_I2C2_Init
 .text.HAL_I2C_MspInit
                0x08001da4       0xd4 ./Core/Src/i2c.o
                0x08001da4                HAL_I2C_MspInit
 .text.main     0x08001e78      0x3dc ./Core/Src/main.o
                0x08001e78                main
 .text.SystemClock_Config
                0x08002254       0xdc ./Core/Src/main.o
                0x08002254                SystemClock_Config
 .text.HAL_GPIO_EXTI_Callback
                0x08002330       0x28 ./Core/Src/main.o
                0x08002330                HAL_GPIO_EXTI_Callback
 .text.MPU_Config
                0x08002358       0x58 ./Core/Src/main.o
 .text.Error_Handler
                0x080023b0       0x7c ./Core/Src/main.o
                0x080023b0                Error_Handler
 .text.MX_SPI1_Init
                0x0800242c       0xb0 ./Core/Src/spi.o
                0x0800242c                MX_SPI1_Init
 .text.MX_SPI4_Init
                0x080024dc       0xb0 ./Core/Src/spi.o
                0x080024dc                MX_SPI4_Init
 .text.HAL_SPI_MspInit
                0x0800258c      0x248 ./Core/Src/spi.o
                0x0800258c                HAL_SPI_MspInit
 .text.HAL_MspInit
                0x080027d4       0x34 ./Core/Src/stm32h7xx_hal_msp.o
                0x080027d4                HAL_MspInit
 .text.NMI_Handler
                0x08002808        0x8 ./Core/Src/stm32h7xx_it.o
                0x08002808                NMI_Handler
 .text.HardFault_Handler
                0x08002810        0x8 ./Core/Src/stm32h7xx_it.o
                0x08002810                HardFault_Handler
 .text.MemManage_Handler
                0x08002818        0x8 ./Core/Src/stm32h7xx_it.o
                0x08002818                MemManage_Handler
 .text.BusFault_Handler
                0x08002820        0x8 ./Core/Src/stm32h7xx_it.o
                0x08002820                BusFault_Handler
 .text.UsageFault_Handler
                0x08002828        0x8 ./Core/Src/stm32h7xx_it.o
                0x08002828                UsageFault_Handler
 .text.SVC_Handler
                0x08002830        0xe ./Core/Src/stm32h7xx_it.o
                0x08002830                SVC_Handler
 .text.DebugMon_Handler
                0x0800283e        0xe ./Core/Src/stm32h7xx_it.o
                0x0800283e                DebugMon_Handler
 .text.PendSV_Handler
                0x0800284c        0xe ./Core/Src/stm32h7xx_it.o
                0x0800284c                PendSV_Handler
 .text.SysTick_Handler
                0x0800285a        0xc ./Core/Src/stm32h7xx_it.o
                0x0800285a                SysTick_Handler
 .text.EXTI0_IRQHandler
                0x08002866        0xe ./Core/Src/stm32h7xx_it.o
                0x08002866                EXTI0_IRQHandler
 .text.DMA1_Stream0_IRQHandler
                0x08002874       0x14 ./Core/Src/stm32h7xx_it.o
                0x08002874                DMA1_Stream0_IRQHandler
 .text.DMA1_Stream1_IRQHandler
                0x08002888       0x14 ./Core/Src/stm32h7xx_it.o
                0x08002888                DMA1_Stream1_IRQHandler
 .text.DMA1_Stream2_IRQHandler
                0x0800289c       0x14 ./Core/Src/stm32h7xx_it.o
                0x0800289c                DMA1_Stream2_IRQHandler
 .text.DMA1_Stream3_IRQHandler
                0x080028b0       0x14 ./Core/Src/stm32h7xx_it.o
                0x080028b0                DMA1_Stream3_IRQHandler
 .text.SPI1_IRQHandler
                0x080028c4       0x14 ./Core/Src/stm32h7xx_it.o
                0x080028c4                SPI1_IRQHandler
 .text.USART1_IRQHandler
                0x080028d8       0x14 ./Core/Src/stm32h7xx_it.o
                0x080028d8                USART1_IRQHandler
 .text._sbrk    0x080028ec       0x6c ./Core/Src/sysmem.o
                0x080028ec                _sbrk
 .text.SystemInit
                0x08002958      0x120 ./Core/Src/system_stm32h7xx.o
                0x08002958                SystemInit
 .text.ExitRun0Mode
                0x08002a78       0x18 ./Core/Src/system_stm32h7xx.o
                0x08002a78                ExitRun0Mode
 .text.MX_TIM4_Init
                0x08002a90      0x130 ./Core/Src/tim.o
                0x08002a90                MX_TIM4_Init
 .text.HAL_TIM_Base_MspInit
                0x08002bc0       0x44 ./Core/Src/tim.o
                0x08002bc0                HAL_TIM_Base_MspInit
 .text.HAL_TIM_MspPostInit
                0x08002c04       0x78 ./Core/Src/tim.o
                0x08002c04                HAL_TIM_MspPostInit
 .text.MX_USART1_UART_Init
                0x08002c7c       0x98 ./Core/Src/usart.o
                0x08002c7c                MX_USART1_UART_Init
 .text.HAL_UART_MspInit
                0x08002d14      0x1b0 ./Core/Src/usart.o
                0x08002d14                HAL_UART_MspInit
 .text.Reset_Handler
                0x08002ec4       0x54 ./Core/Startup/startup_stm32h723vgtx.o
                0x08002ec4                Reset_Handler
 .text.Default_Handler
                0x08002f18        0x2 ./Core/Startup/startup_stm32h723vgtx.o
                0x08002f18                RTC_Alarm_IRQHandler
                0x08002f18                EXTI2_IRQHandler
                0x08002f18                TIM8_CC_IRQHandler
                0x08002f18                UART8_IRQHandler
                0x08002f18                SPI4_IRQHandler
                0x08002f18                FDCAN3_IT0_IRQHandler
                0x08002f18                TIM1_CC_IRQHandler
                0x08002f18                BDMA_Channel6_IRQHandler
                0x08002f18                DMA2_Stream5_IRQHandler
                0x08002f18                DMA1_Stream5_IRQHandler
                0x08002f18                CORDIC_IRQHandler
                0x08002f18                BDMA_Channel1_IRQHandler
                0x08002f18                TAMP_STAMP_IRQHandler
                0x08002f18                EXTI3_IRQHandler
                0x08002f18                LPTIM4_IRQHandler
                0x08002f18                TIM8_TRG_COM_TIM14_IRQHandler
                0x08002f18                LPTIM2_IRQHandler
                0x08002f18                DFSDM1_FLT1_IRQHandler
                0x08002f18                DMAMUX2_OVR_IRQHandler
                0x08002f18                TIM8_UP_TIM13_IRQHandler
                0x08002f18                I2C3_ER_IRQHandler
                0x08002f18                DFSDM1_FLT2_IRQHandler
                0x08002f18                I2C5_EV_IRQHandler
                0x08002f18                USART10_IRQHandler
                0x08002f18                MDMA_IRQHandler
                0x08002f18                LPTIM3_IRQHandler
                0x08002f18                HSEM1_IRQHandler
                0x08002f18                I2C2_EV_IRQHandler
                0x08002f18                FPU_IRQHandler
                0x08002f18                OTG_HS_WKUP_IRQHandler
                0x08002f18                FDCAN1_IT1_IRQHandler
                0x08002f18                LTDC_ER_IRQHandler
                0x08002f18                DMA2_Stream2_IRQHandler
                0x08002f18                OCTOSPI1_IRQHandler
                0x08002f18                TIM6_DAC_IRQHandler
                0x08002f18                DMA2_Stream3_IRQHandler
                0x08002f18                OCTOSPI2_IRQHandler
                0x08002f18                DFSDM1_FLT3_IRQHandler
                0x08002f18                TIM23_IRQHandler
                0x08002f18                USART6_IRQHandler
                0x08002f18                TIM17_IRQHandler
                0x08002f18                USART3_IRQHandler
                0x08002f18                BDMA_Channel7_IRQHandler
                0x08002f18                LPTIM5_IRQHandler
                0x08002f18                UART5_IRQHandler
                0x08002f18                ADC3_IRQHandler
                0x08002f18                DMA2_Stream0_IRQHandler
                0x08002f18                TIM4_IRQHandler
                0x08002f18                BDMA_Channel2_IRQHandler
                0x08002f18                I2C1_EV_IRQHandler
                0x08002f18                DMA1_Stream6_IRQHandler
                0x08002f18                DMAMUX1_OVR_IRQHandler
                0x08002f18                TIM16_IRQHandler
                0x08002f18                UART4_IRQHandler
                0x08002f18                BDMA_Channel5_IRQHandler
                0x08002f18                TIM3_IRQHandler
                0x08002f18                RCC_IRQHandler
                0x08002f18                UART9_IRQHandler
                0x08002f18                TIM8_BRK_TIM12_IRQHandler
                0x08002f18                TIM1_TRG_COM_IRQHandler
                0x08002f18                Default_Handler
                0x08002f18                ECC_IRQHandler
                0x08002f18                FMAC_IRQHandler
                0x08002f18                CEC_IRQHandler
                0x08002f18                EXTI15_10_IRQHandler
                0x08002f18                BDMA_Channel0_IRQHandler
                0x08002f18                ADC_IRQHandler
                0x08002f18                I2C5_ER_IRQHandler
                0x08002f18                DMA1_Stream7_IRQHandler
                0x08002f18                SPI5_IRQHandler
                0x08002f18                TIM7_IRQHandler
                0x08002f18                FDCAN3_IT1_IRQHandler
                0x08002f18                SDMMC1_IRQHandler
                0x08002f18                TIM5_IRQHandler
                0x08002f18                DMA2_Stream7_IRQHandler
                0x08002f18                TIM15_IRQHandler
                0x08002f18                PVD_AVD_IRQHandler
                0x08002f18                I2C3_EV_IRQHandler
                0x08002f18                EXTI9_5_IRQHandler
                0x08002f18                RTC_WKUP_IRQHandler
                0x08002f18                LTDC_IRQHandler
                0x08002f18                ETH_WKUP_IRQHandler
                0x08002f18                SPDIF_RX_IRQHandler
                0x08002f18                SPI2_IRQHandler
                0x08002f18                OTG_HS_EP1_IN_IRQHandler
                0x08002f18                TIM24_IRQHandler
                0x08002f18                CRS_IRQHandler
                0x08002f18                EXTI4_IRQHandler
                0x08002f18                RNG_IRQHandler
                0x08002f18                FDCAN2_IT1_IRQHandler
                0x08002f18                ETH_IRQHandler
                0x08002f18                TIM1_UP_IRQHandler
                0x08002f18                BDMA_Channel4_IRQHandler
                0x08002f18                OTG_HS_EP1_OUT_IRQHandler
                0x08002f18                WWDG_IRQHandler
                0x08002f18                SPI6_IRQHandler
                0x08002f18                MDIOS_IRQHandler
                0x08002f18                I2C4_EV_IRQHandler
                0x08002f18                FDCAN2_IT0_IRQHandler
                0x08002f18                LPUART1_IRQHandler
                0x08002f18                FDCAN1_IT0_IRQHandler
                0x08002f18                TIM2_IRQHandler
                0x08002f18                OTG_HS_IRQHandler
                0x08002f18                DMA2D_IRQHandler
                0x08002f18                TIM1_BRK_IRQHandler
                0x08002f18                EXTI1_IRQHandler
                0x08002f18                SDMMC2_IRQHandler
                0x08002f18                BDMA_Channel3_IRQHandler
                0x08002f18                DTS_IRQHandler
                0x08002f18                UART7_IRQHandler
                0x08002f18                MDIOS_WKUP_IRQHandler
                0x08002f18                USART2_IRQHandler
                0x08002f18                DFSDM1_FLT0_IRQHandler
                0x08002f18                SAI4_IRQHandler
                0x08002f18                I2C2_ER_IRQHandler
                0x08002f18                DMA2_Stream1_IRQHandler
                0x08002f18                FLASH_IRQHandler
                0x08002f18                DMA2_Stream4_IRQHandler
                0x08002f18                SPI3_IRQHandler
                0x08002f18                WAKEUP_PIN_IRQHandler
                0x08002f18                DMA1_Stream4_IRQHandler
                0x08002f18                I2C1_ER_IRQHandler
                0x08002f18                FMC_IRQHandler
                0x08002f18                FDCAN_CAL_IRQHandler
                0x08002f18                SWPMI1_IRQHandler
                0x08002f18                COMP1_IRQHandler
                0x08002f18                LPTIM1_IRQHandler
                0x08002f18                DCMI_PSSI_IRQHandler
                0x08002f18                I2C4_ER_IRQHandler
                0x08002f18                DMA2_Stream6_IRQHandler
                0x08002f18                SAI1_IRQHandler
 *fill*         0x08002f1a        0x2 
 .text.HAL_Init
                0x08002f1c       0x78 ./Drivers/STM32H7xx_HAL_Driver/Src/stm32h7xx_hal.o
                0x08002f1c                HAL_Init
 .text.HAL_InitTick
                0x08002f94       0x6c ./Drivers/STM32H7xx_HAL_Driver/Src/stm32h7xx_hal.o
                0x08002f94                HAL_InitTick
 .text.HAL_IncTick
                0x08003000       0x28 ./Drivers/STM32H7xx_HAL_Driver/Src/stm32h7xx_hal.o
                0x08003000                HAL_IncTick
 .text.HAL_GetTick
                0x08003028       0x18 ./Drivers/STM32H7xx_HAL_Driver/Src/stm32h7xx_hal.o
                0x08003028                HAL_GetTick
 .text.HAL_Delay
                0x08003040       0x48 ./Drivers/STM32H7xx_HAL_Driver/Src/stm32h7xx_hal.o
                0x08003040                HAL_Delay
 .text.__NVIC_SetPriorityGrouping
                0x08003088       0x48 ./Drivers/STM32H7xx_HAL_Driver/Src/stm32h7xx_hal_cortex.o
 .text.__NVIC_GetPriorityGrouping
                0x080030d0       0x1c ./Drivers/STM32H7xx_HAL_Driver/Src/stm32h7xx_hal_cortex.o
 .text.__NVIC_EnableIRQ
                0x080030ec       0x3c ./Drivers/STM32H7xx_HAL_Driver/Src/stm32h7xx_hal_cortex.o
 .text.__NVIC_SetPriority
                0x08003128       0x54 ./Drivers/STM32H7xx_HAL_Driver/Src/stm32h7xx_hal_cortex.o
 .text.NVIC_EncodePriority
                0x0800317c       0x66 ./Drivers/STM32H7xx_HAL_Driver/Src/stm32h7xx_hal_cortex.o
 *fill*         0x080031e2        0x2 
 .text.SysTick_Config
                0x080031e4       0x44 ./Drivers/STM32H7xx_HAL_Driver/Src/stm32h7xx_hal_cortex.o
 .text.HAL_NVIC_SetPriorityGrouping
                0x08003228       0x16 ./Drivers/STM32H7xx_HAL_Driver/Src/stm32h7xx_hal_cortex.o
                0x08003228                HAL_NVIC_SetPriorityGrouping
 .text.HAL_NVIC_SetPriority
                0x0800323e       0x34 ./Drivers/STM32H7xx_HAL_Driver/Src/stm32h7xx_hal_cortex.o
                0x0800323e                HAL_NVIC_SetPriority
 .text.HAL_NVIC_EnableIRQ
                0x08003272       0x1c ./Drivers/STM32H7xx_HAL_Driver/Src/stm32h7xx_hal_cortex.o
                0x08003272                HAL_NVIC_EnableIRQ
 .text.HAL_SYSTICK_Config
                0x0800328e       0x18 ./Drivers/STM32H7xx_HAL_Driver/Src/stm32h7xx_hal_cortex.o
                0x0800328e                HAL_SYSTICK_Config
 *fill*         0x080032a6        0x2 
 .text.HAL_MPU_Disable
                0x080032a8       0x30 ./Drivers/STM32H7xx_HAL_Driver/Src/stm32h7xx_hal_cortex.o
                0x080032a8                HAL_MPU_Disable
 .text.HAL_MPU_Enable
                0x080032d8       0x40 ./Drivers/STM32H7xx_HAL_Driver/Src/stm32h7xx_hal_cortex.o
                0x080032d8                HAL_MPU_Enable
 .text.HAL_MPU_ConfigRegion
                0x08003318       0x80 ./Drivers/STM32H7xx_HAL_Driver/Src/stm32h7xx_hal_cortex.o
                0x08003318                HAL_MPU_ConfigRegion
 .text.HAL_DMA_Init
                0x08003398      0x6b0 ./Drivers/STM32H7xx_HAL_Driver/Src/stm32h7xx_hal_dma.o
                0x08003398                HAL_DMA_Init
 .text.HAL_DMA_Start_IT
                0x08003a48      0x4d4 ./Drivers/STM32H7xx_HAL_Driver/Src/stm32h7xx_hal_dma.o
                0x08003a48                HAL_DMA_Start_IT
 .text.HAL_DMA_Abort
                0x08003f1c      0x63c ./Drivers/STM32H7xx_HAL_Driver/Src/stm32h7xx_hal_dma.o
                0x08003f1c                HAL_DMA_Abort
 .text.HAL_DMA_Abort_IT
                0x08004558      0x48c ./Drivers/STM32H7xx_HAL_Driver/Src/stm32h7xx_hal_dma.o
                0x08004558                HAL_DMA_Abort_IT
 .text.HAL_DMA_IRQHandler
                0x080049e4      0xe54 ./Drivers/STM32H7xx_HAL_Driver/Src/stm32h7xx_hal_dma.o
                0x080049e4                HAL_DMA_IRQHandler
 .text.DMA_SetConfig
                0x08005838      0x358 ./Drivers/STM32H7xx_HAL_Driver/Src/stm32h7xx_hal_dma.o
 .text.DMA_CalcBaseAndBitshift
                0x08005b90      0x164 ./Drivers/STM32H7xx_HAL_Driver/Src/stm32h7xx_hal_dma.o
 .text.DMA_CheckFifoParam
                0x08005cf4       0xf8 ./Drivers/STM32H7xx_HAL_Driver/Src/stm32h7xx_hal_dma.o
 .text.DMA_CalcDMAMUXChannelBaseAndMask
                0x08005dec      0x134 ./Drivers/STM32H7xx_HAL_Driver/Src/stm32h7xx_hal_dma.o
 .text.DMA_CalcDMAMUXRequestGenBaseAndMask
                0x08005f20       0xe8 ./Drivers/STM32H7xx_HAL_Driver/Src/stm32h7xx_hal_dma.o
 .text.HAL_GPIO_Init
                0x08006008      0x364 ./Drivers/STM32H7xx_HAL_Driver/Src/stm32h7xx_hal_gpio.o
                0x08006008                HAL_GPIO_Init
 .text.HAL_GPIO_ReadPin
                0x0800636c       0x30 ./Drivers/STM32H7xx_HAL_Driver/Src/stm32h7xx_hal_gpio.o
                0x0800636c                HAL_GPIO_ReadPin
 .text.HAL_GPIO_WritePin
                0x0800639c       0x32 ./Drivers/STM32H7xx_HAL_Driver/Src/stm32h7xx_hal_gpio.o
                0x0800639c                HAL_GPIO_WritePin
 .text.HAL_GPIO_TogglePin
                0x080063ce       0x34 ./Drivers/STM32H7xx_HAL_Driver/Src/stm32h7xx_hal_gpio.o
                0x080063ce                HAL_GPIO_TogglePin
 .text.HAL_GPIO_EXTI_IRQHandler
                0x08006402       0x34 ./Drivers/STM32H7xx_HAL_Driver/Src/stm32h7xx_hal_gpio.o
                0x08006402                HAL_GPIO_EXTI_IRQHandler
 *fill*         0x08006436        0x2 
 .text.HAL_I2C_Init
                0x08006438      0x138 ./Drivers/STM32H7xx_HAL_Driver/Src/stm32h7xx_hal_i2c.o
                0x08006438                HAL_I2C_Init
 .text.HAL_I2CEx_ConfigAnalogFilter
                0x08006570       0x96 ./Drivers/STM32H7xx_HAL_Driver/Src/stm32h7xx_hal_i2c_ex.o
                0x08006570                HAL_I2CEx_ConfigAnalogFilter
 .text.HAL_I2CEx_ConfigDigitalFilter
                0x08006606       0x98 ./Drivers/STM32H7xx_HAL_Driver/Src/stm32h7xx_hal_i2c_ex.o
                0x08006606                HAL_I2CEx_ConfigDigitalFilter
 *fill*         0x0800669e        0x2 
 .text.HAL_PWREx_ConfigSupply
                0x080066a0       0x74 ./Drivers/STM32H7xx_HAL_Driver/Src/stm32h7xx_hal_pwr_ex.o
                0x080066a0                HAL_PWREx_ConfigSupply
 .text.HAL_RCC_OscConfig
                0x08006714      0x7b4 ./Drivers/STM32H7xx_HAL_Driver/Src/stm32h7xx_hal_rcc.o
                0x08006714                HAL_RCC_OscConfig
 .text.HAL_RCC_ClockConfig
                0x08006ec8      0x36c ./Drivers/STM32H7xx_HAL_Driver/Src/stm32h7xx_hal_rcc.o
                0x08006ec8                HAL_RCC_ClockConfig
 .text.HAL_RCC_GetSysClockFreq
                0x08007234      0x2f4 ./Drivers/STM32H7xx_HAL_Driver/Src/stm32h7xx_hal_rcc.o
                0x08007234                HAL_RCC_GetSysClockFreq
 .text.HAL_RCC_GetHCLKFreq
                0x08007528       0x60 ./Drivers/STM32H7xx_HAL_Driver/Src/stm32h7xx_hal_rcc.o
                0x08007528                HAL_RCC_GetHCLKFreq
 .text.HAL_RCC_GetPCLK1Freq
                0x08007588       0x2c ./Drivers/STM32H7xx_HAL_Driver/Src/stm32h7xx_hal_rcc.o
                0x08007588                HAL_RCC_GetPCLK1Freq
 .text.HAL_RCC_GetPCLK2Freq
                0x080075b4       0x2c ./Drivers/STM32H7xx_HAL_Driver/Src/stm32h7xx_hal_rcc.o
                0x080075b4                HAL_RCC_GetPCLK2Freq
 .text.HAL_RCCEx_PeriphCLKConfig
                0x080075e0     0x1340 ./Drivers/STM32H7xx_HAL_Driver/Src/stm32h7xx_hal_rcc_ex.o
                0x080075e0                HAL_RCCEx_PeriphCLKConfig
 .text.HAL_RCCEx_GetD3PCLK1Freq
                0x08008920       0x2c ./Drivers/STM32H7xx_HAL_Driver/Src/stm32h7xx_hal_rcc_ex.o
                0x08008920                HAL_RCCEx_GetD3PCLK1Freq
 .text.HAL_RCCEx_GetPLL2ClockFreq
                0x0800894c      0x2a8 ./Drivers/STM32H7xx_HAL_Driver/Src/stm32h7xx_hal_rcc_ex.o
                0x0800894c                HAL_RCCEx_GetPLL2ClockFreq
 .text.HAL_RCCEx_GetPLL3ClockFreq
                0x08008bf4      0x2a8 ./Drivers/STM32H7xx_HAL_Driver/Src/stm32h7xx_hal_rcc_ex.o
                0x08008bf4                HAL_RCCEx_GetPLL3ClockFreq
 .text.RCCEx_PLL2_Config
                0x08008e9c      0x164 ./Drivers/STM32H7xx_HAL_Driver/Src/stm32h7xx_hal_rcc_ex.o
 .text.RCCEx_PLL3_Config
                0x08009000      0x164 ./Drivers/STM32H7xx_HAL_Driver/Src/stm32h7xx_hal_rcc_ex.o
 .text.HAL_SPI_Init
                0x08009164      0x248 ./Drivers/STM32H7xx_HAL_Driver/Src/stm32h7xx_hal_spi.o
                0x08009164                HAL_SPI_Init
 .text.HAL_SPI_Transmit
                0x080093ac      0x3dc ./Drivers/STM32H7xx_HAL_Driver/Src/stm32h7xx_hal_spi.o
                0x080093ac                HAL_SPI_Transmit
 .text.HAL_SPI_IRQHandler
                0x08009788      0x39c ./Drivers/STM32H7xx_HAL_Driver/Src/stm32h7xx_hal_spi.o
                0x08009788                HAL_SPI_IRQHandler
 .text.HAL_SPI_TxCpltCallback
                0x08009b24       0x14 ./Drivers/STM32H7xx_HAL_Driver/Src/stm32h7xx_hal_spi.o
                0x08009b24                HAL_SPI_TxCpltCallback
 .text.HAL_SPI_RxCpltCallback
                0x08009b38       0x14 ./Drivers/STM32H7xx_HAL_Driver/Src/stm32h7xx_hal_spi.o
                0x08009b38                HAL_SPI_RxCpltCallback
 .text.HAL_SPI_TxRxCpltCallback
                0x08009b4c       0x14 ./Drivers/STM32H7xx_HAL_Driver/Src/stm32h7xx_hal_spi.o
                0x08009b4c                HAL_SPI_TxRxCpltCallback
 .text.HAL_SPI_ErrorCallback
                0x08009b60       0x14 ./Drivers/STM32H7xx_HAL_Driver/Src/stm32h7xx_hal_spi.o
                0x08009b60                HAL_SPI_ErrorCallback
 .text.HAL_SPI_SuspendCallback
                0x08009b74       0x14 ./Drivers/STM32H7xx_HAL_Driver/Src/stm32h7xx_hal_spi.o
                0x08009b74                HAL_SPI_SuspendCallback
 .text.SPI_DMAAbortOnError
                0x08009b88       0x34 ./Drivers/STM32H7xx_HAL_Driver/Src/stm32h7xx_hal_spi.o
 .text.SPI_CloseTransfer
                0x08009bbc      0x140 ./Drivers/STM32H7xx_HAL_Driver/Src/stm32h7xx_hal_spi.o
 .text.SPI_WaitOnFlagUntilTimeout
                0x08009cfc       0x5c ./Drivers/STM32H7xx_HAL_Driver/Src/stm32h7xx_hal_spi.o
 .text.SPI_GetPacketSize
                0x08009d58       0x36 ./Drivers/STM32H7xx_HAL_Driver/Src/stm32h7xx_hal_spi.o
 .text.HAL_TIM_Base_Init
                0x08009d8e       0xae ./Drivers/STM32H7xx_HAL_Driver/Src/stm32h7xx_hal_tim.o
                0x08009d8e                HAL_TIM_Base_Init
 .text.HAL_TIM_PWM_Init
                0x08009e3c       0xae ./Drivers/STM32H7xx_HAL_Driver/Src/stm32h7xx_hal_tim.o
                0x08009e3c                HAL_TIM_PWM_Init
 .text.HAL_TIM_PWM_MspInit
                0x08009eea       0x14 ./Drivers/STM32H7xx_HAL_Driver/Src/stm32h7xx_hal_tim.o
                0x08009eea                HAL_TIM_PWM_MspInit
 *fill*         0x08009efe        0x2 
 .text.HAL_TIM_PWM_Start_DMA
                0x08009f00      0x468 ./Drivers/STM32H7xx_HAL_Driver/Src/stm32h7xx_hal_tim.o
                0x08009f00                HAL_TIM_PWM_Start_DMA
 .text.HAL_TIM_PWM_ConfigChannel
                0x0800a368      0x228 ./Drivers/STM32H7xx_HAL_Driver/Src/stm32h7xx_hal_tim.o
                0x0800a368                HAL_TIM_PWM_ConfigChannel
 .text.HAL_TIM_ConfigClockSource
                0x0800a590      0x1f0 ./Drivers/STM32H7xx_HAL_Driver/Src/stm32h7xx_hal_tim.o
                0x0800a590                HAL_TIM_ConfigClockSource
 .text.HAL_TIM_PWM_PulseFinishedCallback
                0x0800a780       0x14 ./Drivers/STM32H7xx_HAL_Driver/Src/stm32h7xx_hal_tim.o
                0x0800a780                HAL_TIM_PWM_PulseFinishedCallback
 .text.HAL_TIM_PWM_PulseFinishedHalfCpltCallback
                0x0800a794       0x14 ./Drivers/STM32H7xx_HAL_Driver/Src/stm32h7xx_hal_tim.o
                0x0800a794                HAL_TIM_PWM_PulseFinishedHalfCpltCallback
 .text.HAL_TIM_ErrorCallback
                0x0800a7a8       0x14 ./Drivers/STM32H7xx_HAL_Driver/Src/stm32h7xx_hal_tim.o
                0x0800a7a8                HAL_TIM_ErrorCallback
 .text.TIM_DMAError
                0x0800a7bc       0x92 ./Drivers/STM32H7xx_HAL_Driver/Src/stm32h7xx_hal_tim.o
                0x0800a7bc                TIM_DMAError
 .text.TIM_DMADelayPulseCplt
                0x0800a84e       0xa8 ./Drivers/STM32H7xx_HAL_Driver/Src/stm32h7xx_hal_tim.o
 .text.TIM_DMADelayPulseHalfCplt
                0x0800a8f6       0x68 ./Drivers/STM32H7xx_HAL_Driver/Src/stm32h7xx_hal_tim.o
                0x0800a8f6                TIM_DMADelayPulseHalfCplt
 *fill*         0x0800a95e        0x2 
 .text.TIM_Base_SetConfig
                0x0800a960      0x158 ./Drivers/STM32H7xx_HAL_Driver/Src/stm32h7xx_hal_tim.o
                0x0800a960                TIM_Base_SetConfig
 .text.TIM_OC1_SetConfig
                0x0800aab8      0x124 ./Drivers/STM32H7xx_HAL_Driver/Src/stm32h7xx_hal_tim.o
 .text.TIM_OC2_SetConfig
                0x0800abdc      0x118 ./Drivers/STM32H7xx_HAL_Driver/Src/stm32h7xx_hal_tim.o
                0x0800abdc                TIM_OC2_SetConfig
 .text.TIM_OC3_SetConfig
                0x0800acf4      0x114 ./Drivers/STM32H7xx_HAL_Driver/Src/stm32h7xx_hal_tim.o
 .text.TIM_OC4_SetConfig
                0x0800ae08       0xd4 ./Drivers/STM32H7xx_HAL_Driver/Src/stm32h7xx_hal_tim.o
 .text.TIM_OC5_SetConfig
                0x0800aedc       0xc8 ./Drivers/STM32H7xx_HAL_Driver/Src/stm32h7xx_hal_tim.o
 .text.TIM_OC6_SetConfig
                0x0800afa4       0xcc ./Drivers/STM32H7xx_HAL_Driver/Src/stm32h7xx_hal_tim.o
 .text.TIM_TI1_ConfigInputStage
                0x0800b070       0xa8 ./Drivers/STM32H7xx_HAL_Driver/Src/stm32h7xx_hal_tim.o
 .text.TIM_TI2_ConfigInputStage
                0x0800b118       0x84 ./Drivers/STM32H7xx_HAL_Driver/Src/stm32h7xx_hal_tim.o
 .text.TIM_ITRx_SetConfig
                0x0800b19c       0x3c ./Drivers/STM32H7xx_HAL_Driver/Src/stm32h7xx_hal_tim.o
 .text.TIM_ETR_SetConfig
                0x0800b1d8       0x40 ./Drivers/STM32H7xx_HAL_Driver/Src/stm32h7xx_hal_tim.o
                0x0800b1d8                TIM_ETR_SetConfig
 .text.TIM_CCxChannelCmd
                0x0800b218       0x4a ./Drivers/STM32H7xx_HAL_Driver/Src/stm32h7xx_hal_tim.o
                0x0800b218                TIM_CCxChannelCmd
 *fill*         0x0800b262        0x2 
 .text.HAL_TIMEx_MasterConfigSynchronization
                0x0800b264      0x138 ./Drivers/STM32H7xx_HAL_Driver/Src/stm32h7xx_hal_tim_ex.o
                0x0800b264                HAL_TIMEx_MasterConfigSynchronization
 .text.HAL_UART_Init
                0x0800b39c       0xa0 ./Drivers/STM32H7xx_HAL_Driver/Src/stm32h7xx_hal_uart.o
                0x0800b39c                HAL_UART_Init
 .text.HAL_UART_Transmit_DMA
                0x0800b43c      0x100 ./Drivers/STM32H7xx_HAL_Driver/Src/stm32h7xx_hal_uart.o
                0x0800b43c                HAL_UART_Transmit_DMA
 .text.HAL_UART_Receive_DMA
                0x0800b53c       0x98 ./Drivers/STM32H7xx_HAL_Driver/Src/stm32h7xx_hal_uart.o
                0x0800b53c                HAL_UART_Receive_DMA
 .text.HAL_UART_IRQHandler
                0x0800b5d4      0x7ac ./Drivers/STM32H7xx_HAL_Driver/Src/stm32h7xx_hal_uart.o
                0x0800b5d4                HAL_UART_IRQHandler
 .text.HAL_UART_TxCpltCallback
                0x0800bd80       0x14 ./Drivers/STM32H7xx_HAL_Driver/Src/stm32h7xx_hal_uart.o
                0x0800bd80                HAL_UART_TxCpltCallback
 .text.HAL_UART_TxHalfCpltCallback
                0x0800bd94       0x14 ./Drivers/STM32H7xx_HAL_Driver/Src/stm32h7xx_hal_uart.o
                0x0800bd94                HAL_UART_TxHalfCpltCallback
 .text.HAL_UART_RxCpltCallback
                0x0800bda8       0x14 ./Drivers/STM32H7xx_HAL_Driver/Src/stm32h7xx_hal_uart.o
                0x0800bda8                HAL_UART_RxCpltCallback
 .text.HAL_UART_RxHalfCpltCallback
                0x0800bdbc       0x14 ./Drivers/STM32H7xx_HAL_Driver/Src/stm32h7xx_hal_uart.o
                0x0800bdbc                HAL_UART_RxHalfCpltCallback
 .text.HAL_UART_ErrorCallback
                0x0800bdd0       0x14 ./Drivers/STM32H7xx_HAL_Driver/Src/stm32h7xx_hal_uart.o
                0x0800bdd0                HAL_UART_ErrorCallback
 .text.HAL_UARTEx_RxEventCallback
                0x0800bde4       0x18 ./Drivers/STM32H7xx_HAL_Driver/Src/stm32h7xx_hal_uart.o
                0x0800bde4                HAL_UARTEx_RxEventCallback
 .text.UART_SetConfig
                0x0800bdfc      0xcd8 ./Drivers/STM32H7xx_HAL_Driver/Src/stm32h7xx_hal_uart.o
                0x0800bdfc                UART_SetConfig
 .text.UART_AdvFeatureConfig
                0x0800cad4      0x144 ./Drivers/STM32H7xx_HAL_Driver/Src/stm32h7xx_hal_uart.o
                0x0800cad4                UART_AdvFeatureConfig
 .text.UART_CheckIdleState
                0x0800cc18      0x154 ./Drivers/STM32H7xx_HAL_Driver/Src/stm32h7xx_hal_uart.o
                0x0800cc18                UART_CheckIdleState
 .text.UART_WaitOnFlagUntilTimeout
                0x0800cd6c       0xda ./Drivers/STM32H7xx_HAL_Driver/Src/stm32h7xx_hal_uart.o
                0x0800cd6c                UART_WaitOnFlagUntilTimeout
 *fill*         0x0800ce46        0x2 
 .text.UART_Start_Receive_DMA
                0x0800ce48      0x14c ./Drivers/STM32H7xx_HAL_Driver/Src/stm32h7xx_hal_uart.o
                0x0800ce48                UART_Start_Receive_DMA
 .text.UART_EndTxTransfer
                0x0800cf94       0x82 ./Drivers/STM32H7xx_HAL_Driver/Src/stm32h7xx_hal_uart.o
 *fill*         0x0800d016        0x2 
 .text.UART_EndRxTransfer
                0x0800d018       0xcc ./Drivers/STM32H7xx_HAL_Driver/Src/stm32h7xx_hal_uart.o
 .text.UART_DMATransmitCplt
                0x0800d0e4       0x96 ./Drivers/STM32H7xx_HAL_Driver/Src/stm32h7xx_hal_uart.o
 .text.UART_DMATxHalfCplt
                0x0800d17a       0x1c ./Drivers/STM32H7xx_HAL_Driver/Src/stm32h7xx_hal_uart.o
 *fill*         0x0800d196        0x2 
 .text.UART_DMAReceiveCplt
                0x0800d198      0x24c ./Drivers/STM32H7xx_HAL_Driver/Src/stm32h7xx_hal_uart.o
 .text.UART_DMARxHalfCplt
                0x0800d3e4      0x160 ./Drivers/STM32H7xx_HAL_Driver/Src/stm32h7xx_hal_uart.o
 .text.UART_DMAError
                0x0800d544       0x70 ./Drivers/STM32H7xx_HAL_Driver/Src/stm32h7xx_hal_uart.o
 .text.UART_DMAAbortOnError
                0x0800d5b4       0x1c ./Drivers/STM32H7xx_HAL_Driver/Src/stm32h7xx_hal_uart.o
 .text.UART_EndTransmit_IT
                0x0800d5d0       0x56 ./Drivers/STM32H7xx_HAL_Driver/Src/stm32h7xx_hal_uart.o
 .text.HAL_UARTEx_WakeupCallback
                0x0800d626       0x14 ./Drivers/STM32H7xx_HAL_Driver/Src/stm32h7xx_hal_uart_ex.o
                0x0800d626                HAL_UARTEx_WakeupCallback
 .text.HAL_UARTEx_RxFifoFullCallback
                0x0800d63a       0x14 ./Drivers/STM32H7xx_HAL_Driver/Src/stm32h7xx_hal_uart_ex.o
                0x0800d63a                HAL_UARTEx_RxFifoFullCallback
 .text.HAL_UARTEx_TxFifoEmptyCallback
                0x0800d64e       0x14 ./Drivers/STM32H7xx_HAL_Driver/Src/stm32h7xx_hal_uart_ex.o
                0x0800d64e                HAL_UARTEx_TxFifoEmptyCallback
 .text.HAL_UARTEx_DisableFifoMode
                0x0800d662       0x72 ./Drivers/STM32H7xx_HAL_Driver/Src/stm32h7xx_hal_uart_ex.o
                0x0800d662                HAL_UARTEx_DisableFifoMode
 .text.HAL_UARTEx_SetTxFifoThreshold
                0x0800d6d4       0x7c ./Drivers/STM32H7xx_HAL_Driver/Src/stm32h7xx_hal_uart_ex.o
                0x0800d6d4                HAL_UARTEx_SetTxFifoThreshold
 .text.HAL_UARTEx_SetRxFifoThreshold
                0x0800d750       0x7c ./Drivers/STM32H7xx_HAL_Driver/Src/stm32h7xx_hal_uart_ex.o
                0x0800d750                HAL_UARTEx_SetRxFifoThreshold
 .text.UARTEx_SetNbDataToProcess
                0x0800d7cc       0x9c ./Drivers/STM32H7xx_HAL_Driver/Src/stm32h7xx_hal_uart_ex.o
 .text.sprintf  0x0800d868       0x44 C:/ST/STM32CubeIDE_2.1.1/STM32CubeIDE/plugins/com.st.stm32cube.ide.mcu.externaltools.gnu-tools-for-stm32.14.3.rel1.win32_1.0.100.202602081740/tools/bin/../lib/gcc/arm-none-eabi/14.3.1/../../../../arm-none-eabi/lib/thumb/v7e-m+dp/hard\libc_nano.a(libc_a-sprintf.o)
                0x0800d868                siprintf
                0x0800d868                sprintf
 .text.memset   0x0800d8ac       0x10 C:/ST/STM32CubeIDE_2.1.1/STM32CubeIDE/plugins/com.st.stm32cube.ide.mcu.externaltools.gnu-tools-for-stm32.14.3.rel1.win32_1.0.100.202602081740/tools/bin/../lib/gcc/arm-none-eabi/14.3.1/../../../../arm-none-eabi/lib/thumb/v7e-m+dp/hard\libc_nano.a(libc_a-memset.o)
                0x0800d8ac                memset
 .text.__errno  0x0800d8bc        0xc C:/ST/STM32CubeIDE_2.1.1/STM32CubeIDE/plugins/com.st.stm32cube.ide.mcu.externaltools.gnu-tools-for-stm32.14.3.rel1.win32_1.0.100.202602081740/tools/bin/../lib/gcc/arm-none-eabi/14.3.1/../../../../arm-none-eabi/lib/thumb/v7e-m+dp/hard\libc_nano.a(libc_a-errno.o)
                0x0800d8bc                __errno
 .text.__libc_init_array
                0x0800d8c8       0x48 C:/ST/STM32CubeIDE_2.1.1/STM32CubeIDE/plugins/com.st.stm32cube.ide.mcu.externaltools.gnu-tools-for-stm32.14.3.rel1.win32_1.0.100.202602081740/tools/bin/../lib/gcc/arm-none-eabi/14.3.1/../../../../arm-none-eabi/lib/thumb/v7e-m+dp/hard\libc_nano.a(libc_a-init.o)
                0x0800d8c8                __libc_init_array
 .text.__retarget_lock_acquire_recursive
                0x0800d910        0x2 C:/ST/STM32CubeIDE_2.1.1/STM32CubeIDE/plugins/com.st.stm32cube.ide.mcu.externaltools.gnu-tools-for-stm32.14.3.rel1.win32_1.0.100.202602081740/tools/bin/../lib/gcc/arm-none-eabi/14.3.1/../../../../arm-none-eabi/lib/thumb/v7e-m+dp/hard\libc_nano.a(libc_a-lock.o)
                0x0800d910                __retarget_lock_acquire_recursive
 .text.__retarget_lock_release_recursive
                0x0800d912        0x2 C:/ST/STM32CubeIDE_2.1.1/STM32CubeIDE/plugins/com.st.stm32cube.ide.mcu.externaltools.gnu-tools-for-stm32.14.3.rel1.win32_1.0.100.202602081740/tools/bin/../lib/gcc/arm-none-eabi/14.3.1/../../../../arm-none-eabi/lib/thumb/v7e-m+dp/hard\libc_nano.a(libc_a-lock.o)
                0x0800d912                __retarget_lock_release_recursive
 .text.memcpy   0x0800d914       0x1c C:/ST/STM32CubeIDE_2.1.1/STM32CubeIDE/plugins/com.st.stm32cube.ide.mcu.externaltools.gnu-tools-for-stm32.14.3.rel1.win32_1.0.100.202602081740/tools/bin/../lib/gcc/arm-none-eabi/14.3.1/../../../../arm-none-eabi/lib/thumb/v7e-m+dp/hard\libc_nano.a(libc_a-memcpy-stub.o)
                0x0800d914                memcpy
 .text._free_r  0x0800d930       0x94 C:/ST/STM32CubeIDE_2.1.1/STM32CubeIDE/plugins/com.st.stm32cube.ide.mcu.externaltools.gnu-tools-for-stm32.14.3.rel1.win32_1.0.100.202602081740/tools/bin/../lib/gcc/arm-none-eabi/14.3.1/../../../../arm-none-eabi/lib/thumb/v7e-m+dp/hard\libc_nano.a(libc_a-freer.o)
                0x0800d930                _free_r
 .text.sbrk_aligned
                0x0800d9c4       0x44 C:/ST/STM32CubeIDE_2.1.1/STM32CubeIDE/plugins/com.st.stm32cube.ide.mcu.externaltools.gnu-tools-for-stm32.14.3.rel1.win32_1.0.100.202602081740/tools/bin/../lib/gcc/arm-none-eabi/14.3.1/../../../../arm-none-eabi/lib/thumb/v7e-m+dp/hard\libc_nano.a(libc_a-mallocr.o)
 .text._malloc_r
                0x0800da08      0x100 C:/ST/STM32CubeIDE_2.1.1/STM32CubeIDE/plugins/com.st.stm32cube.ide.mcu.externaltools.gnu-tools-for-stm32.14.3.rel1.win32_1.0.100.202602081740/tools/bin/../lib/gcc/arm-none-eabi/14.3.1/../../../../arm-none-eabi/lib/thumb/v7e-m+dp/hard\libc_nano.a(libc_a-mallocr.o)
                0x0800da08                _malloc_r
 .text.__malloc_lock
                0x0800db08        0xc C:/ST/STM32CubeIDE_2.1.1/STM32CubeIDE/plugins/com.st.stm32cube.ide.mcu.externaltools.gnu-tools-for-stm32.14.3.rel1.win32_1.0.100.202602081740/tools/bin/../lib/gcc/arm-none-eabi/14.3.1/../../../../arm-none-eabi/lib/thumb/v7e-m+dp/hard\libc_nano.a(libc_a-mlock.o)
                0x0800db08                __malloc_lock
 .text.__malloc_unlock
                0x0800db14        0xc C:/ST/STM32CubeIDE_2.1.1/STM32CubeIDE/plugins/com.st.stm32cube.ide.mcu.externaltools.gnu-tools-for-stm32.14.3.rel1.win32_1.0.100.202602081740/tools/bin/../lib/gcc/arm-none-eabi/14.3.1/../../../../arm-none-eabi/lib/thumb/v7e-m+dp/hard\libc_nano.a(libc_a-mlock.o)
                0x0800db14                __malloc_unlock
 .text.__ssputs_r
                0x0800db20       0xc0 C:/ST/STM32CubeIDE_2.1.1/STM32CubeIDE/plugins/com.st.stm32cube.ide.mcu.externaltools.gnu-tools-for-stm32.14.3.rel1.win32_1.0.100.202602081740/tools/bin/../lib/gcc/arm-none-eabi/14.3.1/../../../../arm-none-eabi/lib/thumb/v7e-m+dp/hard\libc_nano.a(libc_a-nano-svfprintf.o)
                0x0800db20                __ssputs_r
 .text._svfprintf_r
                0x0800dbe0      0x1f0 C:/ST/STM32CubeIDE_2.1.1/STM32CubeIDE/plugins/com.st.stm32cube.ide.mcu.externaltools.gnu-tools-for-stm32.14.3.rel1.win32_1.0.100.202602081740/tools/bin/../lib/gcc/arm-none-eabi/14.3.1/../../../../arm-none-eabi/lib/thumb/v7e-m+dp/hard\libc_nano.a(libc_a-nano-svfprintf.o)
                0x0800dbe0                _svfiprintf_r
                0x0800dbe0                _svfprintf_r
 .text._printf_common
                0x0800ddd0       0xda C:/ST/STM32CubeIDE_2.1.1/STM32CubeIDE/plugins/com.st.stm32cube.ide.mcu.externaltools.gnu-tools-for-stm32.14.3.rel1.win32_1.0.100.202602081740/tools/bin/../lib/gcc/arm-none-eabi/14.3.1/../../../../arm-none-eabi/lib/thumb/v7e-m+dp/hard\libc_nano.a(libc_a-nano-vfprintf_i.o)
                0x0800ddd0                _printf_common
 *fill*         0x0800deaa        0x2 
 .text._printf_i
                0x0800deac      0x24c C:/ST/STM32CubeIDE_2.1.1/STM32CubeIDE/plugins/com.st.stm32cube.ide.mcu.externaltools.gnu-tools-for-stm32.14.3.rel1.win32_1.0.100.202602081740/tools/bin/../lib/gcc/arm-none-eabi/14.3.1/../../../../arm-none-eabi/lib/thumb/v7e-m+dp/hard\libc_nano.a(libc_a-nano-vfprintf_i.o)
                0x0800deac                _printf_i
 .text.memmove  0x0800e0f8       0x32 C:/ST/STM32CubeIDE_2.1.1/STM32CubeIDE/plugins/com.st.stm32cube.ide.mcu.externaltools.gnu-tools-for-stm32.14.3.rel1.win32_1.0.100.202602081740/tools/bin/../lib/gcc/arm-none-eabi/14.3.1/../../../../arm-none-eabi/lib/thumb/v7e-m+dp/hard\libc_nano.a(libc_a-memmove.o)
                0x0800e0f8                memmove
 *fill*         0x0800e12a        0x2 
 .text._sbrk_r  0x0800e12c       0x20 C:/ST/STM32CubeIDE_2.1.1/STM32CubeIDE/plugins/com.st.stm32cube.ide.mcu.externaltools.gnu-tools-for-stm32.14.3.rel1.win32_1.0.100.202602081740/tools/bin/../lib/gcc/arm-none-eabi/14.3.1/../../../../arm-none-eabi/lib/thumb/v7e-m+dp/hard\libc_nano.a(libc_a-sbrkr.o)
                0x0800e12c                _sbrk_r
 .text._realloc_r
                0x0800e14c       0x5c C:/ST/STM32CubeIDE_2.1.1/STM32CubeIDE/plugins/com.st.stm32cube.ide.mcu.externaltools.gnu-tools-for-stm32.14.3.rel1.win32_1.0.100.202602081740/tools/bin/../lib/gcc/arm-none-eabi/14.3.1/../../../../arm-none-eabi/lib/thumb/v7e-m+dp/hard\libc_nano.a(libc_a-reallocr.o)
                0x0800e14c                _realloc_r
 .text._malloc_usable_size_r
                0x0800e1a8       0x10 C:/ST/STM32CubeIDE_2.1.1/STM32CubeIDE/plugins/com.st.stm32cube.ide.mcu.externaltools.gnu-tools-for-stm32.14.3.rel1.win32_1.0.100.202602081740/tools/bin/../lib/gcc/arm-none-eabi/14.3.1/../../../../arm-none-eabi/lib/thumb/v7e-m+dp/hard\libc_nano.a(libc_a-msizer.o)
                0x0800e1a8                _malloc_usable_size_r
 *(.glue_7)
 .glue_7        0x0800e1b8        0x0 linker stubs
 *(.glue_7t)
 .glue_7t       0x0800e1b8        0x0 linker stubs
 *(.eh_frame)
 .eh_frame      0x0800e1b8        0x0 C:/ST/STM32CubeIDE_2.1.1/STM32CubeIDE/plugins/com.st.stm32cube.ide.mcu.externaltools.gnu-tools-for-stm32.14.3.rel1.win32_1.0.100.202602081740/tools/bin/../lib/gcc/arm-none-eabi/14.3.1/thumb/v7e-m+dp/hard/crtbegin.o
 *(.init)
 .init          0x0800e1b8        0x4 C:/ST/STM32CubeIDE_2.1.1/STM32CubeIDE/plugins/com.st.stm32cube.ide.mcu.externaltools.gnu-tools-for-stm32.14.3.rel1.win32_1.0.100.202602081740/tools/bin/../lib/gcc/arm-none-eabi/14.3.1/thumb/v7e-m+dp/hard/crti.o
                0x0800e1b8                _init
 .init          0x0800e1bc        0x8 C:/ST/STM32CubeIDE_2.1.1/STM32CubeIDE/plugins/com.st.stm32cube.ide.mcu.externaltools.gnu-tools-for-stm32.14.3.rel1.win32_1.0.100.202602081740/tools/bin/../lib/gcc/arm-none-eabi/14.3.1/thumb/v7e-m+dp/hard/crtn.o
 *(.fini)
 .fini          0x0800e1c4        0x4 C:/ST/STM32CubeIDE_2.1.1/STM32CubeIDE/plugins/com.st.stm32cube.ide.mcu.externaltools.gnu-tools-for-stm32.14.3.rel1.win32_1.0.100.202602081740/tools/bin/../lib/gcc/arm-none-eabi/14.3.1/thumb/v7e-m+dp/hard/crti.o
                0x0800e1c4                _fini
 .fini          0x0800e1c8        0x8 C:/ST/STM32CubeIDE_2.1.1/STM32CubeIDE/plugins/com.st.stm32cube.ide.mcu.externaltools.gnu-tools-for-stm32.14.3.rel1.win32_1.0.100.202602081740/tools/bin/../lib/gcc/arm-none-eabi/14.3.1/thumb/v7e-m+dp/hard/crtn.o
                0x0800e1d0                        . = ALIGN (0x4)
                0x0800e1d0                        _etext = .

.vfp11_veneer   0x0800e1d0        0x0
 .vfp11_veneer  0x0800e1d0        0x0 linker stubs

.v4_bx          0x0800e1d0        0x0
 .v4_bx         0x0800e1d0        0x0 linker stubs

.iplt           0x0800e1d0        0x0
 .iplt          0x0800e1d0        0x0 C:/ST/STM32CubeIDE_2.1.1/STM32CubeIDE/plugins/com.st.stm32cube.ide.mcu.externaltools.gnu-tools-for-stm32.14.3.rel1.win32_1.0.100.202602081740/tools/bin/../lib/gcc/arm-none-eabi/14.3.1/thumb/v7e-m+dp/hard/crtbegin.o

.rodata         0x0800e1d0      0x1ac
                0x0800e1d0                        . = ALIGN (0x4)
 *(.rodata)
 *(.rodata*)
 .rodata.displayUpdate.str1.4
                0x0800e1d0      0x135 ./Core/Src/bf_display.o
 *fill*         0x0800e305        0x3 
 .rodata.D1CorePrescTable
                0x0800e308       0x10 ./Core/Src/system_stm32h7xx.o
                0x0800e308                D1CorePrescTable
 .rodata.flagBitshiftOffset.0
                0x0800e318        0x8 ./Drivers/STM32H7xx_HAL_Driver/Src/stm32h7xx_hal_dma.o
 .rodata.UARTPrescTable
                0x0800e320       0x18 ./Drivers/STM32H7xx_HAL_Driver/Src/stm32h7xx_hal_uart.o
                0x0800e320                UARTPrescTable
 .rodata.numerator.1
                0x0800e338        0x8 ./Drivers/STM32H7xx_HAL_Driver/Src/stm32h7xx_hal_uart_ex.o
 .rodata.denominator.0
                0x0800e340        0x8 ./Drivers/STM32H7xx_HAL_Driver/Src/stm32h7xx_hal_uart_ex.o
 .rodata._svfprintf_r.str1.1
                0x0800e348       0x33 C:/ST/STM32CubeIDE_2.1.1/STM32CubeIDE/plugins/com.st.stm32cube.ide.mcu.externaltools.gnu-tools-for-stm32.14.3.rel1.win32_1.0.100.202602081740/tools/bin/../lib/gcc/arm-none-eabi/14.3.1/../../../../arm-none-eabi/lib/thumb/v7e-m+dp/hard\libc_nano.a(libc_a-nano-svfprintf.o)
                                 0x11 (size before relaxing)
 .rodata._printf_i.str1.1
                0x0800e37b       0x22 C:/ST/STM32CubeIDE_2.1.1/STM32CubeIDE/plugins/com.st.stm32cube.ide.mcu.externaltools.gnu-tools-for-stm32.14.3.rel1.win32_1.0.100.202602081740/tools/bin/../lib/gcc/arm-none-eabi/14.3.1/../../../../arm-none-eabi/lib/thumb/v7e-m+dp/hard\libc_nano.a(libc_a-nano-vfprintf_i.o)
                0x0800e3a0                        . = ALIGN (0x4)
 *fill*         0x0800e37b        0x1 

.ARM.extab
 *(.ARM.extab* .gnu.linkonce.armextab.*)

.ARM            0x0800e37c        0x8
                0x0800e37c                        __exidx_start = .
 *(.ARM.exidx*)
 .ARM.exidx     0x0800e37c        0x8 C:/ST/STM32CubeIDE_2.1.1/STM32CubeIDE/plugins/com.st.stm32cube.ide.mcu.externaltools.gnu-tools-for-stm32.14.3.rel1.win32_1.0.100.202602081740/tools/bin/../lib/gcc/arm-none-eabi/14.3.1/../../../../arm-none-eabi/lib/thumb/v7e-m+dp/hard\libc_nano.a(libc_a-memchr.o)
 .ARM.exidx     0x0800e384        0x0 C:/ST/STM32CubeIDE_2.1.1/STM32CubeIDE/plugins/com.st.stm32cube.ide.mcu.externaltools.gnu-tools-for-stm32.14.3.rel1.win32_1.0.100.202602081740/tools/bin/../lib/gcc/arm-none-eabi/14.3.1/thumb/v7e-m+dp/hard\libgcc.a(_udivmoddi4.o)
                                  0x8 (size before relaxing)
                0x0800e384                        __exidx_end = .

.preinit_array  0x0800e384        0x0
                0x0800e384                        PROVIDE (__preinit_array_start = .)
 *(.preinit_array*)
                0x0800e384                        PROVIDE (__preinit_array_end = .)

.init_array     0x0800e384        0x4
                0x0800e384                        PROVIDE (__init_array_start = .)
 *(SORT_BY_NAME(.init_array.*))
 *(.init_array*)
 .init_array    0x0800e384        0x4 C:/ST/STM32CubeIDE_2.1.1/STM32CubeIDE/plugins/com.st.stm32cube.ide.mcu.externaltools.gnu-tools-for-stm32.14.3.rel1.win32_1.0.100.202602081740/tools/bin/../lib/gcc/arm-none-eabi/14.3.1/thumb/v7e-m+dp/hard/crtbegin.o
                0x0800e388                        PROVIDE (__init_array_end = .)

.fini_array     0x0800e388        0x4
                [!provide]                        PROVIDE (__fini_array_start = .)
 *(SORT_BY_NAME(.fini_array.*))
 *(.fini_array*)
 .fini_array    0x0800e388        0x4 C:/ST/STM32CubeIDE_2.1.1/STM32CubeIDE/plugins/com.st.stm32cube.ide.mcu.externaltools.gnu-tools-for-stm32.14.3.rel1.win32_1.0.100.202602081740/tools/bin/../lib/gcc/arm-none-eabi/14.3.1/thumb/v7e-m+dp/hard/crtbegin.o
                [!provide]                        PROVIDE (__fini_array_end = .)
                0x0800e38c                        _sidata = LOADADDR (.data)

.rel.dyn        0x0800e38c        0x0
 .rel.iplt      0x0800e38c        0x0 C:/ST/STM32CubeIDE_2.1.1/STM32CubeIDE/plugins/com.st.stm32cube.ide.mcu.externaltools.gnu-tools-for-stm32.14.3.rel1.win32_1.0.100.202602081740/tools/bin/../lib/gcc/arm-none-eabi/14.3.1/thumb/v7e-m+dp/hard/crtbegin.o

.data           0x24000000      0x480 load address 0x0800e38c
                0x24000000                        . = ALIGN (0x4)
                0x24000000                        _sdata = .
 *(.data)
 *(.data*)
 .data.font8x8_basic
                0x24000000      0x400 ./Core/Src/bf_display.o
                0x24000000                font8x8_basic
 .data.currentRcData
                0x24000400       0x1c ./Core/Src/bf_rc_link.o
 .data.baro_ready
                0x2400041c        0x1 ./Core/Src/main.o
                0x2400041c                baro_ready
 .data.mag_ready
                0x2400041d        0x1 ./Core/Src/main.o
                0x2400041d                mag_ready
 *fill*         0x2400041e        0x2 
 .data.SystemCoreClock
                0x24000420        0x4 ./Core/Src/system_stm32h7xx.o
                0x24000420                SystemCoreClock
 .data.SystemD2Clock
                0x24000424        0x4 ./Core/Src/system_stm32h7xx.o
                0x24000424                SystemD2Clock
 .data.uwTickPrio
                0x24000428        0x4 ./Drivers/STM32H7xx_HAL_Driver/Src/stm32h7xx_hal.o
                0x24000428                uwTickPrio
 .data.uwTickFreq
                0x2400042c        0x1 ./Drivers/STM32H7xx_HAL_Driver/Src/stm32h7xx_hal.o
                0x2400042c                uwTickFreq
 *fill*         0x2400042d        0x3 
 .data._impure_ptr
                0x24000430        0x4 C:/ST/STM32CubeIDE_2.1.1/STM32CubeIDE/plugins/com.st.stm32cube.ide.mcu.externaltools.gnu-tools-for-stm32.14.3.rel1.win32_1.0.100.202602081740/tools/bin/../lib/gcc/arm-none-eabi/14.3.1/../../../../arm-none-eabi/lib/thumb/v7e-m+dp/hard\libc_nano.a(libc_a-impure.o)
                0x24000430                _impure_ptr
 .data._impure_data
                0x24000434       0x4c C:/ST/STM32CubeIDE_2.1.1/STM32CubeIDE/plugins/com.st.stm32cube.ide.mcu.externaltools.gnu-tools-for-stm32.14.3.rel1.win32_1.0.100.202602081740/tools/bin/../lib/gcc/arm-none-eabi/14.3.1/../../../../arm-none-eabi/lib/thumb/v7e-m+dp/hard\libc_nano.a(libc_a-impure.o)
                0x24000434                _impure_data
 *(.RamFunc)
 *(.RamFunc*)
                0x24000480                        . = ALIGN (0x4)
                0x24000480                        _edata = .

.igot.plt       0x24000480        0x0 load address 0x0800e80c
 .igot.plt      0x24000480        0x0 C:/ST/STM32CubeIDE_2.1.1/STM32CubeIDE/plugins/com.st.stm32cube.ide.mcu.externaltools.gnu-tools-for-stm32.14.3.rel1.win32_1.0.100.202602081740/tools/bin/../lib/gcc/arm-none-eabi/14.3.1/thumb/v7e-m+dp/hard/crtbegin.o
                0x24000480                        . = ALIGN (0x4)

.bss            0x24000480      0x824 load address 0x0800e80c
                0x24000480                        _sbss = .
                0x24000480                        __bss_start__ = _sbss
 *(.bss)
 .bss           0x24000480       0x1c C:/ST/STM32CubeIDE_2.1.1/STM32CubeIDE/plugins/com.st.stm32cube.ide.mcu.externaltools.gnu-tools-for-stm32.14.3.rel1.win32_1.0.100.202602081740/tools/bin/../lib/gcc/arm-none-eabi/14.3.1/thumb/v7e-m+dp/hard/crtbegin.o
 *(.bss*)
 .bss.currentPage
                0x2400049c        0x1 ./Core/Src/bf_display.o
 *fill*         0x2400049d        0x3 
 .bss.dmaBuffer
                0x240004a0      0x120 ./Core/Src/bf_dshot.o
 .bss.rxBuffer  0x240005c0       0x40 ./Core/Src/bf_rc_link.o
 .bss.currentInjectedSensors
                0x24000600        0xc ./Core/Src/bf_rc_link.o
 .bss.activeHeader
                0x2400060c        0x1 ./Core/Src/bf_rc_link.o
 *fill*         0x2400060d        0x1 
 .bss.readIdx.5
                0x2400060e        0x2 ./Core/Src/bf_rc_link.o
 .bss.state.4   0x24000610        0x1 ./Core/Src/bf_rc_link.o
 .bss.payloadIdx.3
                0x24000611        0x1 ./Core/Src/bf_rc_link.o
 .bss.calculatedChecksum.2
                0x24000612        0x1 ./Core/Src/bf_rc_link.o
 *fill*         0x24000613        0x1 
 .bss.payload.1
                0x24000614        0xc ./Core/Src/bf_rc_link.o
 .bss.hitlTx.0  0x24000620       0x13 ./Core/Src/bf_rc_link.o
 *fill*         0x24000633        0x1 
 .bss.hi2c2     0x24000634       0x54 ./Core/Src/i2c.o
                0x24000634                hi2c2
 .bss.pid_engine
                0x24000688       0xc4 ./Core/Src/main.o
                0x24000688                pid_engine
 .bss.imuData   0x2400074c       0x18 ./Core/Src/main.o
                0x2400074c                imuData
 .bss.motorOutputs
                0x24000764       0x10 ./Core/Src/main.o
                0x24000764                motorOutputs
 .bss.isImuReady
                0x24000774        0x1 ./Core/Src/main.o
                0x24000774                isImuReady
 .bss.imu_who_am_i
                0x24000775        0x1 ./Core/Src/main.o
                0x24000775                imu_who_am_i
 *fill*         0x24000776        0x2 
 .bss.lastButtonPress.2
                0x24000778        0x4 ./Core/Src/main.o
 .bss.lastDisplayUpdate.1
                0x2400077c        0x4 ./Core/Src/main.o
 .bss.lastHeartbeat.0
                0x24000780        0x4 ./Core/Src/main.o
 .bss.hspi1     0x24000784       0x88 ./Core/Src/spi.o
                0x24000784                hspi1
 .bss.hspi4     0x2400080c       0x88 ./Core/Src/spi.o
                0x2400080c                hspi4
 .bss.hdma_spi1_rx
                0x24000894       0x78 ./Core/Src/spi.o
                0x24000894                hdma_spi1_rx
 .bss.hdma_spi1_tx
                0x2400090c       0x78 ./Core/Src/spi.o
                0x2400090c                hdma_spi1_tx
 .bss.__sbrk_heap_end
                0x24000984        0x4 ./Core/Src/sysmem.o
 .bss.htim4     0x24000988       0x4c ./Core/Src/tim.o
                0x24000988                htim4
 .bss.huart1    0x240009d4       0x94 ./Core/Src/usart.o
                0x240009d4                huart1
 .bss.hdma_usart1_rx
                0x24000a68       0x78 ./Core/Src/usart.o
                0x24000a68                hdma_usart1_rx
 .bss.hdma_usart1_tx
                0x24000ae0       0x78 ./Core/Src/usart.o
                0x24000ae0                hdma_usart1_tx
 .bss.uwTick    0x24000b58        0x4 ./Drivers/STM32H7xx_HAL_Driver/Src/stm32h7xx_hal.o
                0x24000b58                uwTick
 .bss.__sf      0x24000b5c      0x138 C:/ST/STM32CubeIDE_2.1.1/STM32CubeIDE/plugins/com.st.stm32cube.ide.mcu.externaltools.gnu-tools-for-stm32.14.3.rel1.win32_1.0.100.202602081740/tools/bin/../lib/gcc/arm-none-eabi/14.3.1/../../../../arm-none-eabi/lib/thumb/v7e-m+dp/hard\libc_nano.a(libc_a-findfp.o)
                0x24000b5c                __sf
 .bss.errno     0x24000c94        0x4 C:/ST/STM32CubeIDE_2.1.1/STM32CubeIDE/plugins/com.st.stm32cube.ide.mcu.externaltools.gnu-tools-for-stm32.14.3.rel1.win32_1.0.100.202602081740/tools/bin/../lib/gcc/arm-none-eabi/14.3.1/../../../../arm-none-eabi/lib/thumb/v7e-m+dp/hard\libc_nano.a(libc_a-reent.o)
                0x24000c94                errno
 .bss.__lock___malloc_recursive_mutex
                0x24000c98        0x1 C:/ST/STM32CubeIDE_2.1.1/STM32CubeIDE/plugins/com.st.stm32cube.ide.mcu.externaltools.gnu-tools-for-stm32.14.3.rel1.win32_1.0.100.202602081740/tools/bin/../lib/gcc/arm-none-eabi/14.3.1/../../../../arm-none-eabi/lib/thumb/v7e-m+dp/hard\libc_nano.a(libc_a-lock.o)
                0x24000c98                __lock___malloc_recursive_mutex
 *fill*         0x24000c99        0x3 
 .bss.__malloc_sbrk_start
                0x24000c9c        0x4 C:/ST/STM32CubeIDE_2.1.1/STM32CubeIDE/plugins/com.st.stm32cube.ide.mcu.externaltools.gnu-tools-for-stm32.14.3.rel1.win32_1.0.100.202602081740/tools/bin/../lib/gcc/arm-none-eabi/14.3.1/../../../../arm-none-eabi/lib/thumb/v7e-m+dp/hard\libc_nano.a(libc_a-mallocr.o)
                0x24000c9c                __malloc_sbrk_start
 .bss.__malloc_free_list
                0x24000ca0        0x4 C:/ST/STM32CubeIDE_2.1.1/STM32CubeIDE/plugins/com.st.stm32cube.ide.mcu.externaltools.gnu-tools-for-stm32.14.3.rel1.win32_1.0.100.202602081740/tools/bin/../lib/gcc/arm-none-eabi/14.3.1/../../../../arm-none-eabi/lib/thumb/v7e-m+dp/hard\libc_nano.a(libc_a-mallocr.o)
                0x24000ca0                __malloc_free_list
 *(COMMON)
                0x24000ca4                        . = ALIGN (0x4)
                0x24000ca4                        _ebss = .
                0x24000ca4                        __bss_end__ = _ebss

._user_heap_stack
                0x24000ca4     0x2004 load address 0x0800e80c
                0x24000ca8                        . = ALIGN (0x8)
 *fill*         0x24000ca4        0x4 
                [!provide]                        PROVIDE (end = .)
                0x24000ca8                        PROVIDE (_end = .)
                0x24001ca8                        . = (. + _Min_Heap_Size)
 *fill*         0x24000ca8     0x1000 
                0x24002ca8                        . = (. + _Min_Stack_Size)
 *fill*         0x24001ca8     0x1000 
                0x24002ca8                        . = ALIGN (0x8)

/DISCARD/
 libc.a(*)
 libm.a(*)
 libgcc.a(*)

.ARM.attributes
                0x00000000       0x2e
 *(.ARM.attributes)
 .ARM.attributes
                0x00000000       0x20 C:/ST/STM32CubeIDE_2.1.1/STM32CubeIDE/plugins/com.st.stm32cube.ide.mcu.externaltools.gnu-tools-for-stm32.14.3.rel1.win32_1.0.100.202602081740/tools/bin/../lib/gcc/arm-none-eabi/14.3.1/thumb/v7e-m+dp/hard/crti.o
 .ARM.attributes
                0x00000020       0x32 C:/ST/STM32CubeIDE_2.1.1/STM32CubeIDE/plugins/com.st.stm32cube.ide.mcu.externaltools.gnu-tools-for-stm32.14.3.rel1.win32_1.0.100.202602081740/tools/bin/../lib/gcc/arm-none-eabi/14.3.1/thumb/v7e-m+dp/hard/crtbegin.o
 .ARM.attributes
                0x00000052       0x32 ./Core/Src/bf_display.o
 .ARM.attributes
                0x00000084       0x32 ./Core/Src/bf_dshot.o
 .ARM.attributes
                0x000000b6       0x32 ./Core/Src/bf_filters.o
 .ARM.attributes
                0x000000e8       0x32 ./Core/Src/bf_mixer.o
 .ARM.attributes
                0x0000011a       0x32 ./Core/Src/bf_pid.o
 .ARM.attributes
                0x0000014c       0x32 ./Core/Src/bf_rc_link.o
 .ARM.attributes
                0x0000017e       0x32 ./Core/Src/dma.o
 .ARM.attributes
                0x000001b0       0x32 ./Core/Src/gpio.o
 .ARM.attributes
                0x000001e2       0x32 ./Core/Src/i2c.o
 .ARM.attributes
                0x00000214       0x32 ./Core/Src/main.o
 .ARM.attributes
                0x00000246       0x32 ./Core/Src/spi.o
 .ARM.attributes
                0x00000278       0x32 ./Core/Src/stm32h7xx_hal_msp.o
 .ARM.attributes
                0x000002aa       0x32 ./Core/Src/stm32h7xx_it.o
 .ARM.attributes
                0x000002dc       0x32 ./Core/Src/sysmem.o
 .ARM.attributes
                0x0000030e       0x32 ./Core/Src/system_stm32h7xx.o
 .ARM.attributes
                0x00000340       0x32 ./Core/Src/tim.o
 .ARM.attributes
                0x00000372       0x32 ./Core/Src/usart.o
 .ARM.attributes
                0x000003a4       0x21 ./Core/Startup/startup_stm32h723vgtx.o
 .ARM.attributes
                0x000003c5       0x32 ./Drivers/STM32H7xx_HAL_Driver/Src/stm32h7xx_hal.o
 .ARM.attributes
                0x000003f7       0x32 ./Drivers/STM32H7xx_HAL_Driver/Src/stm32h7xx_hal_cortex.o
 .ARM.attributes
                0x00000429       0x32 ./Drivers/STM32H7xx_HAL_Driver/Src/stm32h7xx_hal_dma.o
 .ARM.attributes
                0x0000045b       0x32 ./Drivers/STM32H7xx_HAL_Driver/Src/stm32h7xx_hal_gpio.o
 .ARM.attributes
                0x0000048d       0x32 ./Drivers/STM32H7xx_HAL_Driver/Src/stm32h7xx_hal_i2c.o
 .ARM.attributes
                0x000004bf       0x32 ./Drivers/STM32H7xx_HAL_Driver/Src/stm32h7xx_hal_i2c_ex.o
 .ARM.attributes
                0x000004f1       0x32 ./Drivers/STM32H7xx_HAL_Driver/Src/stm32h7xx_hal_pwr_ex.o
 .ARM.attributes
                0x00000523       0x32 ./Drivers/STM32H7xx_HAL_Driver/Src/stm32h7xx_hal_rcc.o
 .ARM.attributes
                0x00000555       0x32 ./Drivers/STM32H7xx_HAL_Driver/Src/stm32h7xx_hal_rcc_ex.o
 .ARM.attributes
                0x00000587       0x32 ./Drivers/STM32H7xx_HAL_Driver/Src/stm32h7xx_hal_spi.o
 .ARM.attributes
                0x000005b9       0x32 ./Drivers/STM32H7xx_HAL_Driver/Src/stm32h7xx_hal_tim.o
 .ARM.attributes
                0x000005eb       0x32 ./Drivers/STM32H7xx_HAL_Driver/Src/stm32h7xx_hal_tim_ex.o
 .ARM.attributes
                0x0000061d       0x32 ./Drivers/STM32H7xx_HAL_Driver/Src/stm32h7xx_hal_uart.o
 .ARM.attributes
                0x0000064f       0x32 ./Drivers/STM32H7xx_HAL_Driver/Src/stm32h7xx_hal_uart_ex.o
 .ARM.attributes
                0x00000681       0x32 C:/ST/STM32CubeIDE_2.1.1/STM32CubeIDE/plugins/com.st.stm32cube.ide.mcu.externaltools.gnu-tools-for-stm32.14.3.rel1.win32_1.0.100.202602081740/tools/bin/../lib/gcc/arm-none-eabi/14.3.1/../../../../arm-none-eabi/lib/thumb/v7e-m+dp/hard\libc_nano.a(libc_a-findfp.o)
 .ARM.attributes
                0x000006b3       0x32 C:/ST/STM32CubeIDE_2.1.1/STM32CubeIDE/plugins/com.st.stm32cube.ide.mcu.externaltools.gnu-tools-for-stm32.14.3.rel1.win32_1.0.100.202602081740/tools/bin/../lib/gcc/arm-none-eabi/14.3.1/../../../../arm-none-eabi/lib/thumb/v7e-m+dp/hard\libc_nano.a(libc_a-sprintf.o)
 .ARM.attributes
                0x000006e5       0x32 C:/ST/STM32CubeIDE_2.1.1/STM32CubeIDE/plugins/com.st.stm32cube.ide.mcu.externaltools.gnu-tools-for-stm32.14.3.rel1.win32_1.0.100.202602081740/tools/bin/../lib/gcc/arm-none-eabi/14.3.1/../../../../arm-none-eabi/lib/thumb/v7e-m+dp/hard\libc_nano.a(libc_a-memset.o)
 .ARM.attributes
                0x00000717       0x32 C:/ST/STM32CubeIDE_2.1.1/STM32CubeIDE/plugins/com.st.stm32cube.ide.mcu.externaltools.gnu-tools-for-stm32.14.3.rel1.win32_1.0.100.202602081740/tools/bin/../lib/gcc/arm-none-eabi/14.3.1/../../../../arm-none-eabi/lib/thumb/v7e-m+dp/hard\libc_nano.a(libc_a-reent.o)
 .ARM.attributes
                0x00000749       0x32 C:/ST/STM32CubeIDE_2.1.1/STM32CubeIDE/plugins/com.st.stm32cube.ide.mcu.externaltools.gnu-tools-for-stm32.14.3.rel1.win32_1.0.100.202602081740/tools/bin/../lib/gcc/arm-none-eabi/14.3.1/../../../../arm-none-eabi/lib/thumb/v7e-m+dp/hard\libc_nano.a(libc_a-impure.o)
 .ARM.attributes
                0x0000077b       0x32 C:/ST/STM32CubeIDE_2.1.1/STM32CubeIDE/plugins/com.st.stm32cube.ide.mcu.externaltools.gnu-tools-for-stm32.14.3.rel1.win32_1.0.100.202602081740/tools/bin/../lib/gcc/arm-none-eabi/14.3.1/../../../../arm-none-eabi/lib/thumb/v7e-m+dp/hard\libc_nano.a(libc_a-errno.o)
 .ARM.attributes
                0x000007ad       0x32 C:/ST/STM32CubeIDE_2.1.1/STM32CubeIDE/plugins/com.st.stm32cube.ide.mcu.externaltools.gnu-tools-for-stm32.14.3.rel1.win32_1.0.100.202602081740/tools/bin/../lib/gcc/arm-none-eabi/14.3.1/../../../../arm-none-eabi/lib/thumb/v7e-m+dp/hard\libc_nano.a(libc_a-init.o)
 .ARM.attributes
                0x000007df       0x32 C:/ST/STM32CubeIDE_2.1.1/STM32CubeIDE/plugins/com.st.stm32cube.ide.mcu.externaltools.gnu-tools-for-stm32.14.3.rel1.win32_1.0.100.202602081740/tools/bin/../lib/gcc/arm-none-eabi/14.3.1/../../../../arm-none-eabi/lib/thumb/v7e-m+dp/hard\libc_nano.a(libc_a-lock.o)
 .ARM.attributes
                0x00000811       0x32 C:/ST/STM32CubeIDE_2.1.1/STM32CubeIDE/plugins/com.st.stm32cube.ide.mcu.externaltools.gnu-tools-for-stm32.14.3.rel1.win32_1.0.100.202602081740/tools/bin/../lib/gcc/arm-none-eabi/14.3.1/../../../../arm-none-eabi/lib/thumb/v7e-m+dp/hard\libc_nano.a(libc_a-memcpy-stub.o)
 .ARM.attributes
                0x00000843       0x32 C:/ST/STM32CubeIDE_2.1.1/STM32CubeIDE/plugins/com.st.stm32cube.ide.mcu.externaltools.gnu-tools-for-stm32.14.3.rel1.win32_1.0.100.202602081740/tools/bin/../lib/gcc/arm-none-eabi/14.3.1/../../../../arm-none-eabi/lib/thumb/v7e-m+dp/hard\libc_nano.a(libc_a-freer.o)
 .ARM.attributes
                0x00000875       0x32 C:/ST/STM32CubeIDE_2.1.1/STM32CubeIDE/plugins/com.st.stm32cube.ide.mcu.externaltools.gnu-tools-for-stm32.14.3.rel1.win32_1.0.100.202602081740/tools/bin/../lib/gcc/arm-none-eabi/14.3.1/../../../../arm-none-eabi/lib/thumb/v7e-m+dp/hard\libc_nano.a(libc_a-mallocr.o)
 .ARM.attributes
                0x000008a7       0x32 C:/ST/STM32CubeIDE_2.1.1/STM32CubeIDE/plugins/com.st.stm32cube.ide.mcu.externaltools.gnu-tools-for-stm32.14.3.rel1.win32_1.0.100.202602081740/tools/bin/../lib/gcc/arm-none-eabi/14.3.1/../../../../arm-none-eabi/lib/thumb/v7e-m+dp/hard\libc_nano.a(libc_a-mlock.o)
 .ARM.attributes
                0x000008d9       0x32 C:/ST/STM32CubeIDE_2.1.1/STM32CubeIDE/plugins/com.st.stm32cube.ide.mcu.externaltools.gnu-tools-for-stm32.14.3.rel1.win32_1.0.100.202602081740/tools/bin/../lib/gcc/arm-none-eabi/14.3.1/../../../../arm-none-eabi/lib/thumb/v7e-m+dp/hard\libc_nano.a(libc_a-nano-svfprintf.o)
 .ARM.attributes
                0x0000090b       0x32 C:/ST/STM32CubeIDE_2.1.1/STM32CubeIDE/plugins/com.st.stm32cube.ide.mcu.externaltools.gnu-tools-for-stm32.14.3.rel1.win32_1.0.100.202602081740/tools/bin/../lib/gcc/arm-none-eabi/14.3.1/../../../../arm-none-eabi/lib/thumb/v7e-m+dp/hard\libc_nano.a(libc_a-nano-vfprintf_i.o)
 .ARM.attributes
                0x0000093d       0x32 C:/ST/STM32CubeIDE_2.1.1/STM32CubeIDE/plugins/com.st.stm32cube.ide.mcu.externaltools.gnu-tools-for-stm32.14.3.rel1.win32_1.0.100.202602081740/tools/bin/../lib/gcc/arm-none-eabi/14.3.1/../../../../arm-none-eabi/lib/thumb/v7e-m+dp/hard\libc_nano.a(libc_a-memmove.o)
 .ARM.attributes
                0x0000096f       0x32 C:/ST/STM32CubeIDE_2.1.1/STM32CubeIDE/plugins/com.st.stm32cube.ide.mcu.externaltools.gnu-tools-for-stm32.14.3.rel1.win32_1.0.100.202602081740/tools/bin/../lib/gcc/arm-none-eabi/14.3.1/../../../../arm-none-eabi/lib/thumb/v7e-m+dp/hard\libc_nano.a(libc_a-sbrkr.o)
 .ARM.attributes
                0x000009a1       0x1c C:/ST/STM32CubeIDE_2.1.1/STM32CubeIDE/plugins/com.st.stm32cube.ide.mcu.externaltools.gnu-tools-for-stm32.14.3.rel1.win32_1.0.100.202602081740/tools/bin/../lib/gcc/arm-none-eabi/14.3.1/../../../../arm-none-eabi/lib/thumb/v7e-m+dp/hard\libc_nano.a(libc_a-memchr.o)
 .ARM.attributes
                0x000009bd       0x32 C:/ST/STM32CubeIDE_2.1.1/STM32CubeIDE/plugins/com.st.stm32cube.ide.mcu.externaltools.gnu-tools-for-stm32.14.3.rel1.win32_1.0.100.202602081740/tools/bin/../lib/gcc/arm-none-eabi/14.3.1/../../../../arm-none-eabi/lib/thumb/v7e-m+dp/hard\libc_nano.a(libc_a-reallocr.o)
 .ARM.attributes
                0x000009ef       0x32 C:/ST/STM32CubeIDE_2.1.1/STM32CubeIDE/plugins/com.st.stm32cube.ide.mcu.externaltools.gnu-tools-for-stm32.14.3.rel1.win32_1.0.100.202602081740/tools/bin/../lib/gcc/arm-none-eabi/14.3.1/../../../../arm-none-eabi/lib/thumb/v7e-m+dp/hard\libc_nano.a(libc_a-msizer.o)
 .ARM.attributes
                0x00000a21       0x20 C:/ST/STM32CubeIDE_2.1.1/STM32CubeIDE/plugins/com.st.stm32cube.ide.mcu.externaltools.gnu-tools-for-stm32.14.3.rel1.win32_1.0.100.202602081740/tools/bin/../lib/gcc/arm-none-eabi/14.3.1/thumb/v7e-m+dp/hard\libgcc.a(_aeabi_uldivmod.o)
 .ARM.attributes
                0x00000a41       0x32 C:/ST/STM32CubeIDE_2.1.1/STM32CubeIDE/plugins/com.st.stm32cube.ide.mcu.externaltools.gnu-tools-for-stm32.14.3.rel1.win32_1.0.100.202602081740/tools/bin/../lib/gcc/arm-none-eabi/14.3.1/thumb/v7e-m+dp/hard\libgcc.a(_udivmoddi4.o)
 .ARM.attributes
                0x00000a73       0x20 C:/ST/STM32CubeIDE_2.1.1/STM32CubeIDE/plugins/com.st.stm32cube.ide.mcu.externaltools.gnu-tools-for-stm32.14.3.rel1.win32_1.0.100.202602081740/tools/bin/../lib/gcc/arm-none-eabi/14.3.1/thumb/v7e-m+dp/hard\libgcc.a(_dvmd_tls.o)
 .ARM.attributes
                0x00000a93       0x20 C:/ST/STM32CubeIDE_2.1.1/STM32CubeIDE/plugins/com.st.stm32cube.ide.mcu.externaltools.gnu-tools-for-stm32.14.3.rel1.win32_1.0.100.202602081740/tools/bin/../lib/gcc/arm-none-eabi/14.3.1/thumb/v7e-m+dp/hard/crtn.o
OUTPUT(STM32H723_CUSTOM_FC.elf elf32-littlearm)
LOAD linker stubs
LOAD C:/ST/STM32CubeIDE_2.1.1/STM32CubeIDE/plugins/com.st.stm32cube.ide.mcu.externaltools.gnu-tools-for-stm32.14.3.rel1.win32_1.0.100.202602081740/tools/bin/../lib/gcc/arm-none-eabi/14.3.1/../../../../arm-none-eabi/lib/thumb/v7e-m+dp/hard\libc.a
LOAD C:/ST/STM32CubeIDE_2.1.1/STM32CubeIDE/plugins/com.st.stm32cube.ide.mcu.externaltools.gnu-tools-for-stm32.14.3.rel1.win32_1.0.100.202602081740/tools/bin/../lib/gcc/arm-none-eabi/14.3.1/../../../../arm-none-eabi/lib/thumb/v7e-m+dp/hard\libm.a
LOAD C:/ST/STM32CubeIDE_2.1.1/STM32CubeIDE/plugins/com.st.stm32cube.ide.mcu.externaltools.gnu-tools-for-stm32.14.3.rel1.win32_1.0.100.202602081740/tools/bin/../lib/gcc/arm-none-eabi/14.3.1/thumb/v7e-m+dp/hard\libgcc.a

.debug_info     0x00000000    0x210e4
 .debug_info    0x00000000      0xfbe ./Core/Src/bf_display.o
 .debug_info    0x00000fbe      0x9b2 ./Core/Src/bf_dshot.o
 .debug_info    0x00001970      0x45c ./Core/Src/bf_filters.o
 .debug_info    0x00001dcc      0x306 ./Core/Src/bf_mixer.o
 .debug_info    0x000020d2      0x3d0 ./Core/Src/bf_pid.o
 .debug_info    0x000024a2     0x1003 ./Core/Src/bf_rc_link.o
 .debug_info    0x000034a5      0x817 ./Core/Src/dma.o
 .debug_info    0x00003cbc      0xa02 ./Core/Src/gpio.o
 .debug_info    0x000046be      0xfdc ./Core/Src/i2c.o
 .debug_info    0x0000569a     0x114b ./Core/Src/main.o
 .debug_info    0x000067e5     0x1552 ./Core/Src/spi.o
 .debug_info    0x00007d37      0x464 ./Core/Src/stm32h7xx_hal_msp.o
 .debug_info    0x0000819b      0xc98 ./Core/Src/stm32h7xx_it.o
 .debug_info    0x00008e33      0x168 ./Core/Src/sysmem.o
 .debug_info    0x00008f9b      0xbff ./Core/Src/system_stm32h7xx.o
 .debug_info    0x00009b9a      0xf37 ./Core/Src/tim.o
 .debug_info    0x0000aad1     0x1528 ./Core/Src/usart.o
 .debug_info    0x0000bff9       0x30 ./Core/Startup/startup_stm32h723vgtx.o
 .debug_info    0x0000c029     0x1698 ./Drivers/STM32H7xx_HAL_Driver/Src/stm32h7xx_hal.o
 .debug_info    0x0000d6c1     0x10b2 ./Drivers/STM32H7xx_HAL_Driver/Src/stm32h7xx_hal_cortex.o
 .debug_info    0x0000e773      0xb71 ./Drivers/STM32H7xx_HAL_Driver/Src/stm32h7xx_hal_dma.o
 .debug_info    0x0000f2e4      0xc6b ./Drivers/STM32H7xx_HAL_Driver/Src/stm32h7xx_hal_gpio.o
 .debug_info    0x0000ff4f     0x22ba ./Drivers/STM32H7xx_HAL_Driver/Src/stm32h7xx_hal_i2c.o
 .debug_info    0x00012209      0xd95 ./Drivers/STM32H7xx_HAL_Driver/Src/stm32h7xx_hal_i2c_ex.o
 .debug_info    0x00012f9e      0xddb ./Drivers/STM32H7xx_HAL_Driver/Src/stm32h7xx_hal_pwr_ex.o
 .debug_info    0x00013d79      0xd8c ./Drivers/STM32H7xx_HAL_Driver/Src/stm32h7xx_hal_rcc.o
 .debug_info    0x00014b05     0x120b ./Drivers/STM32H7xx_HAL_Driver/Src/stm32h7xx_hal_rcc_ex.o
 .debug_info    0x00015d10     0x1454 ./Drivers/STM32H7xx_HAL_Driver/Src/stm32h7xx_hal_spi.o
 .debug_info    0x00017164     0x2bae ./Drivers/STM32H7xx_HAL_Driver/Src/stm32h7xx_hal_tim.o
 .debug_info    0x00019d12     0x18c1 ./Drivers/STM32H7xx_HAL_Driver/Src/stm32h7xx_hal_tim_ex.o
 .debug_info    0x0001b5d3     0x4b53 ./Drivers/STM32H7xx_HAL_Driver/Src/stm32h7xx_hal_uart.o
 .debug_info    0x00020126      0xfbe ./Drivers/STM32H7xx_HAL_Driver/Src/stm32h7xx_hal_uart_ex.o

.debug_abbrev   0x00000000     0x42d4
 .debug_abbrev  0x00000000      0x295 ./Core/Src/bf_display.o
 .debug_abbrev  0x00000295      0x20e ./Core/Src/bf_dshot.o
 .debug_abbrev  0x000004a3      0x17b ./Core/Src/bf_filters.o
 .debug_abbrev  0x0000061e      0x135 ./Core/Src/bf_mixer.o
 .debug_abbrev  0x00000753      0x18e ./Core/Src/bf_pid.o
 .debug_abbrev  0x000008e1      0x2bb ./Core/Src/bf_rc_link.o
 .debug_abbrev  0x00000b9c      0x11e ./Core/Src/dma.o
 .debug_abbrev  0x00000cba      0x194 ./Core/Src/gpio.o
 .debug_abbrev  0x00000e4e      0x24c ./Core/Src/i2c.o
 .debug_abbrev  0x0000109a      0x2b6 ./Core/Src/main.o
 .debug_abbrev  0x00001350      0x24b ./Core/Src/spi.o
 .debug_abbrev  0x0000159b       0xdb ./Core/Src/stm32h7xx_hal_msp.o
 .debug_abbrev  0x00001676      0x1af ./Core/Src/stm32h7xx_it.o
 .debug_abbrev  0x00001825       0xbc ./Core/Src/sysmem.o
 .debug_abbrev  0x000018e1      0x153 ./Core/Src/system_stm32h7xx.o
 .debug_abbrev  0x00001a34      0x238 ./Core/Src/tim.o
 .debug_abbrev  0x00001c6c      0x24a ./Core/Src/usart.o
 .debug_abbrev  0x00001eb6       0x24 ./Core/Startup/startup_stm32h723vgtx.o
 .debug_abbrev  0x00001eda      0x29e ./Drivers/STM32H7xx_HAL_Driver/Src/stm32h7xx_hal.o
 .debug_abbrev  0x00002178      0x339 ./Drivers/STM32H7xx_HAL_Driver/Src/stm32h7xx_hal_cortex.o
 .debug_abbrev  0x000024b1      0x248 ./Drivers/STM32H7xx_HAL_Driver/Src/stm32h7xx_hal_dma.o
 .debug_abbrev  0x000026f9      0x205 ./Drivers/STM32H7xx_HAL_Driver/Src/stm32h7xx_hal_gpio.o
 .debug_abbrev  0x000028fe      0x25d ./Drivers/STM32H7xx_HAL_Driver/Src/stm32h7xx_hal_i2c.o
 .debug_abbrev  0x00002b5b      0x1f5 ./Drivers/STM32H7xx_HAL_Driver/Src/stm32h7xx_hal_i2c_ex.o
 .debug_abbrev  0x00002d50      0x295 ./Drivers/STM32H7xx_HAL_Driver/Src/stm32h7xx_hal_pwr_ex.o
 .debug_abbrev  0x00002fe5      0x2b1 ./Drivers/STM32H7xx_HAL_Driver/Src/stm32h7xx_hal_rcc.o
 .debug_abbrev  0x00003296      0x269 ./Drivers/STM32H7xx_HAL_Driver/Src/stm32h7xx_hal_rcc_ex.o
 .debug_abbrev  0x000034ff      0x2ba ./Drivers/STM32H7xx_HAL_Driver/Src/stm32h7xx_hal_spi.o
 .debug_abbrev  0x000037b9      0x276 ./Drivers/STM32H7xx_HAL_Driver/Src/stm32h7xx_hal_tim.o
 .debug_abbrev  0x00003a2f      0x296 ./Drivers/STM32H7xx_HAL_Driver/Src/stm32h7xx_hal_tim_ex.o
 .debug_abbrev  0x00003cc5      0x33d ./Drivers/STM32H7xx_HAL_Driver/Src/stm32h7xx_hal_uart.o
 .debug_abbrev  0x00004002      0x2d2 ./Drivers/STM32H7xx_HAL_Driver/Src/stm32h7xx_hal_uart_ex.o

.debug_aranges  0x00000000     0x17c0
 .debug_aranges
                0x00000000       0x60 ./Core/Src/bf_display.o
 .debug_aranges
                0x00000060       0x38 ./Core/Src/bf_dshot.o
 .debug_aranges
                0x00000098       0x60 ./Core/Src/bf_filters.o
 .debug_aranges
                0x000000f8       0x28 ./Core/Src/bf_mixer.o
 .debug_aranges
                0x00000120       0x30 ./Core/Src/bf_pid.o
 .debug_aranges
                0x00000150       0x40 ./Core/Src/bf_rc_link.o
 .debug_aranges
                0x00000190       0x20 ./Core/Src/dma.o
 .debug_aranges
                0x000001b0       0x20 ./Core/Src/gpio.o
 .debug_aranges
                0x000001d0       0x30 ./Core/Src/i2c.o
 .debug_aranges
                0x00000200       0x40 ./Core/Src/main.o
 .debug_aranges
                0x00000240       0x38 ./Core/Src/spi.o
 .debug_aranges
                0x00000278       0x20 ./Core/Src/stm32h7xx_hal_msp.o
 .debug_aranges
                0x00000298       0x98 ./Core/Src/stm32h7xx_it.o
 .debug_aranges
                0x00000330       0x20 ./Core/Src/sysmem.o
 .debug_aranges
                0x00000350       0x30 ./Core/Src/system_stm32h7xx.o
 .debug_aranges
                0x00000380       0x38 ./Core/Src/tim.o
 .debug_aranges
                0x000003b8       0x30 ./Core/Src/usart.o
 .debug_aranges
                0x000003e8       0x28 ./Core/Startup/startup_stm32h723vgtx.o
 .debug_aranges
                0x00000410      0x1c8 ./Drivers/STM32H7xx_HAL_Driver/Src/stm32h7xx_hal.o
 .debug_aranges
                0x000005d8      0x130 ./Drivers/STM32H7xx_HAL_Driver/Src/stm32h7xx_hal_cortex.o
 .debug_aranges
                0x00000708       0xa0 ./Drivers/STM32H7xx_HAL_Driver/Src/stm32h7xx_hal_dma.o
 .debug_aranges
                0x000007a8       0x58 ./Drivers/STM32H7xx_HAL_Driver/Src/stm32h7xx_hal_gpio.o
 .debug_aranges
                0x00000800      0x2a0 ./Drivers/STM32H7xx_HAL_Driver/Src/stm32h7xx_hal_i2c.o
 .debug_aranges
                0x00000aa0       0x48 ./Drivers/STM32H7xx_HAL_Driver/Src/stm32h7xx_hal_i2c_ex.o
 .debug_aranges
                0x00000ae8      0x148 ./Drivers/STM32H7xx_HAL_Driver/Src/stm32h7xx_hal_pwr_ex.o
 .debug_aranges
                0x00000c30       0x88 ./Drivers/STM32H7xx_HAL_Driver/Src/stm32h7xx_hal_rcc.o
 .debug_aranges
                0x00000cb8       0xf8 ./Drivers/STM32H7xx_HAL_Driver/Src/stm32h7xx_hal_rcc_ex.o
 .debug_aranges
                0x00000db0      0x1a8 ./Drivers/STM32H7xx_HAL_Driver/Src/stm32h7xx_hal_spi.o
 .debug_aranges
                0x00000f58      0x3e0 ./Drivers/STM32H7xx_HAL_Driver/Src/stm32h7xx_hal_tim.o
 .debug_aranges
                0x00001338      0x198 ./Drivers/STM32H7xx_HAL_Driver/Src/stm32h7xx_hal_tim_ex.o
 .debug_aranges
                0x000014d0      0x248 ./Drivers/STM32H7xx_HAL_Driver/Src/stm32h7xx_hal_uart.o
 .debug_aranges
                0x00001718       0xa8 ./Drivers/STM32H7xx_HAL_Driver/Src/stm32h7xx_hal_uart_ex.o

.debug_rnglists
                0x00000000     0x1279
 .debug_rnglists
                0x00000000       0x48 ./Core/Src/bf_display.o
 .debug_rnglists
                0x00000048       0x27 ./Core/Src/bf_dshot.o
 .debug_rnglists
                0x0000006f       0x46 ./Core/Src/bf_filters.o
 .debug_rnglists
                0x000000b5       0x1a ./Core/Src/bf_mixer.o
 .debug_rnglists
                0x000000cf       0x21 ./Core/Src/bf_pid.o
 .debug_rnglists
                0x000000f0       0x2d ./Core/Src/bf_rc_link.o
 .debug_rnglists
                0x0000011d       0x13 ./Core/Src/dma.o
 .debug_rnglists
                0x00000130       0x14 ./Core/Src/gpio.o
 .debug_rnglists
                0x00000144       0x21 ./Core/Src/i2c.o
 .debug_rnglists
                0x00000165       0x2d ./Core/Src/main.o
 .debug_rnglists
                0x00000192       0x29 ./Core/Src/spi.o
 .debug_rnglists
                0x000001bb       0x13 ./Core/Src/stm32h7xx_hal_msp.o
 .debug_rnglists
                0x000001ce       0x6d ./Core/Src/stm32h7xx_it.o
 .debug_rnglists
                0x0000023b       0x13 ./Core/Src/sysmem.o
 .debug_rnglists
                0x0000024e       0x21 ./Core/Src/system_stm32h7xx.o
 .debug_rnglists
                0x0000026f       0x26 ./Core/Src/tim.o
 .debug_rnglists
                0x00000295       0x21 ./Core/Src/usart.o
 .debug_rnglists
                0x000002b6       0x19 ./Core/Startup/startup_stm32h723vgtx.o
 .debug_rnglists
                0x000002cf      0x155 ./Drivers/STM32H7xx_HAL_Driver/Src/stm32h7xx_hal.o
 .debug_rnglists
                0x00000424       0xe0 ./Drivers/STM32H7xx_HAL_Driver/Src/stm32h7xx_hal_cortex.o
 .debug_rnglists
                0x00000504       0x82 ./Drivers/STM32H7xx_HAL_Driver/Src/stm32h7xx_hal_dma.o
 .debug_rnglists
                0x00000586       0x3f ./Drivers/STM32H7xx_HAL_Driver/Src/stm32h7xx_hal_gpio.o
 .debug_rnglists
                0x000005c5      0x22a ./Drivers/STM32H7xx_HAL_Driver/Src/stm32h7xx_hal_i2c.o
 .debug_rnglists
                0x000007ef       0x35 ./Drivers/STM32H7xx_HAL_Driver/Src/stm32h7xx_hal_i2c_ex.o
 .debug_rnglists
                0x00000824       0xf5 ./Drivers/STM32H7xx_HAL_Driver/Src/stm32h7xx_hal_pwr_ex.o
 .debug_rnglists
                0x00000919       0x68 ./Drivers/STM32H7xx_HAL_Driver/Src/stm32h7xx_hal_rcc.o
 .debug_rnglists
                0x00000981       0xc0 ./Drivers/STM32H7xx_HAL_Driver/Src/stm32h7xx_hal_rcc_ex.o
 .debug_rnglists
                0x00000a41      0x148 ./Drivers/STM32H7xx_HAL_Driver/Src/stm32h7xx_hal_spi.o
 .debug_rnglists
                0x00000b89      0x32c ./Drivers/STM32H7xx_HAL_Driver/Src/stm32h7xx_hal_tim.o
 .debug_rnglists
                0x00000eb5      0x14d ./Drivers/STM32H7xx_HAL_Driver/Src/stm32h7xx_hal_tim_ex.o
 .debug_rnglists
                0x00001002      0x1f8 ./Drivers/STM32H7xx_HAL_Driver/Src/stm32h7xx_hal_uart.o
 .debug_rnglists
                0x000011fa       0x7f ./Drivers/STM32H7xx_HAL_Driver/Src/stm32h7xx_hal_uart_ex.o

.debug_macro    0x00000000    0x36328
 .debug_macro   0x00000000      0x39e ./Core/Src/bf_display.o
 .debug_macro   0x0000039e      0xaf6 ./Core/Src/bf_display.o
 .debug_macro   0x00000e94      0x23e ./Core/Src/bf_display.o
 .debug_macro   0x000010d2       0x2e ./Core/Src/bf_display.o
 .debug_macro   0x00001100       0x3b ./Core/Src/bf_display.o
 .debug_macro   0x0000113b       0x22 ./Core/Src/bf_display.o
 .debug_macro   0x0000115d       0x8e ./Core/Src/bf_display.o
 .debug_macro   0x000011eb       0x51 ./Core/Src/bf_display.o
 .debug_macro   0x0000123c      0x103 ./Core/Src/bf_display.o
 .debug_macro   0x0000133f       0x6a ./Core/Src/bf_display.o
 .debug_macro   0x000013a9      0x1df ./Core/Src/bf_display.o
 .debug_macro   0x00001588       0x1c ./Core/Src/bf_display.o
 .debug_macro   0x000015a4       0x22 ./Core/Src/bf_display.o
 .debug_macro   0x000015c6       0xfb ./Core/Src/bf_display.o
 .debug_macro   0x000016c1     0x1313 ./Core/Src/bf_display.o
 .debug_macro   0x000029d4      0x11f ./Core/Src/bf_display.o
 .debug_macro   0x00002af3       0x22 ./Core/Src/bf_display.o
 .debug_macro   0x00002b15    0x216c1 ./Core/Src/bf_display.o
 .debug_macro   0x000241d6       0x6d ./Core/Src/bf_display.o
 .debug_macro   0x00024243     0x3d64 ./Core/Src/bf_display.o
 .debug_macro   0x00027fa7      0x190 ./Core/Src/bf_display.o
 .debug_macro   0x00028137       0x61 ./Core/Src/bf_display.o
 .debug_macro   0x00028198       0x29 ./Core/Src/bf_display.o
 .debug_macro   0x000281c1       0x43 ./Core/Src/bf_display.o
 .debug_macro   0x00028204       0x34 ./Core/Src/bf_display.o
 .debug_macro   0x00028238      0x364 ./Core/Src/bf_display.o
 .debug_macro   0x0002859c       0x16 ./Core/Src/bf_display.o
 .debug_macro   0x000285b2       0x4a ./Core/Src/bf_display.o
 .debug_macro   0x000285fc       0x34 ./Core/Src/bf_display.o
 .debug_macro   0x00028630       0x10 ./Core/Src/bf_display.o
 .debug_macro   0x00028640       0x58 ./Core/Src/bf_display.o
 .debug_macro   0x00028698       0x8e ./Core/Src/bf_display.o
 .debug_macro   0x00028726       0x1c ./Core/Src/bf_display.o
 .debug_macro   0x00028742      0x17e ./Core/Src/bf_display.o
 .debug_macro   0x000288c0      0x19b ./Core/Src/bf_display.o
 .debug_macro   0x00028a5b       0x5d ./Core/Src/bf_display.o
 .debug_macro   0x00028ab8     0x2462 ./Core/Src/bf_display.o
 .debug_macro   0x0002af1a     0x1079 ./Core/Src/bf_display.o
 .debug_macro   0x0002bf93      0x154 ./Core/Src/bf_display.o
 .debug_macro   0x0002c0e7      0x114 ./Core/Src/bf_display.o
 .debug_macro   0x0002c1fb      0x3fc ./Core/Src/bf_display.o
 .debug_macro   0x0002c5f7       0xac ./Core/Src/bf_display.o
 .debug_macro   0x0002c6a3      0x788 ./Core/Src/bf_display.o
 .debug_macro   0x0002ce2b      0x228 ./Core/Src/bf_display.o
 .debug_macro   0x0002d053       0x66 ./Core/Src/bf_display.o
 .debug_macro   0x0002d0b9      0x3a6 ./Core/Src/bf_display.o
 .debug_macro   0x0002d45f      0x3f9 ./Core/Src/bf_display.o
 .debug_macro   0x0002d858      0x275 ./Core/Src/bf_display.o
 .debug_macro   0x0002dacd      0x3ca ./Core/Src/bf_display.o
 .debug_macro   0x0002de97      0x45c ./Core/Src/bf_display.o
 .debug_macro   0x0002e2f3       0x3c ./Core/Src/bf_display.o
 .debug_macro   0x0002e32f       0x4a ./Core/Src/bf_display.o
 .debug_macro   0x0002e379      0x22c ./Core/Src/bf_display.o
 .debug_macro   0x0002e5a5       0x67 ./Core/Src/bf_display.o
 .debug_macro   0x0002e60c       0xa5 ./Core/Src/bf_display.o
 .debug_macro   0x0002e6b1      0x1c4 ./Core/Src/bf_display.o
 .debug_macro   0x0002e875      0x22a ./Core/Src/bf_display.o
 .debug_macro   0x0002ea9f       0x35 ./Core/Src/bf_display.o
 .debug_macro   0x0002ead4      0x5e4 ./Core/Src/bf_display.o
 .debug_macro   0x0002f0b8       0xc1 ./Core/Src/bf_display.o
 .debug_macro   0x0002f179      0xb24 ./Core/Src/bf_display.o
 .debug_macro   0x0002fc9d      0x29f ./Core/Src/bf_display.o
 .debug_macro   0x0002ff3c      0x693 ./Core/Src/bf_display.o
 .debug_macro   0x000305cf       0xa6 ./Core/Src/bf_display.o
 .debug_macro   0x00030675      0x5f2 ./Core/Src/bf_display.o
 .debug_macro   0x00030c67       0x40 ./Core/Src/bf_display.o
 .debug_macro   0x00030ca7       0x22 ./Core/Src/bf_display.o
 .debug_macro   0x00030cc9       0x10 ./Core/Src/bf_display.o
 .debug_macro   0x00030cd9       0x1c ./Core/Src/bf_display.o
 .debug_macro   0x00030cf5       0x1c ./Core/Src/bf_display.o
 .debug_macro   0x00030d11       0x3c ./Core/Src/bf_display.o
 .debug_macro   0x00030d4d       0x10 ./Core/Src/bf_display.o
 .debug_macro   0x00030d5d       0x1c ./Core/Src/bf_display.o
 .debug_macro   0x00030d79       0x16 ./Core/Src/bf_display.o
 .debug_macro   0x00030d8f      0x146 ./Core/Src/bf_display.o
 .debug_macro   0x00030ed5       0x16 ./Core/Src/bf_display.o
 .debug_macro   0x00030eeb       0x20 ./Core/Src/bf_display.o
 .debug_macro   0x00030f0b      0x32e ./Core/Src/bf_dshot.o
 .debug_macro   0x00031239      0x131 ./Core/Src/bf_filters.o